Archive member included to satisfy reference by file (symbol)

lib/CMSIS_5/CMSIS/DSP/Source/TransformFunctions/libCMSISDSPTransform.a(arm_rfft_init_q15.c.obj)
                              CMakeFiles/pico_inference_app.dir/src/dsp_pipeline.cpp.obj (arm_rfft_init_q15)
lib/CMSIS_5/CMSIS/DSP/Source/TransformFunctions/libCMSISDSPTransform.a(arm_rfft_q15.c.obj)
                              CMakeFiles/pico_inference_app.dir/src/dsp_pipeline.cpp.obj (arm_rfft_q15)
lib/CMSIS_5/CMSIS/DSP/Source/TransformFunctions/libCMSISDSPTransform.a(arm_cfft_q15.c.obj)
                              lib/CMSIS_5/CMSIS/DSP/Source/TransformFunctions/libCMSISDSPTransform.a(arm_rfft_q15.c.obj) (arm_cfft_q15)
lib/CMSIS_5/CMSIS/DSP/Source/TransformFunctions/libCMSISDSPTransform.a(arm_cfft_radix4_q15.c.obj)
                              lib/CMSIS_5/CMSIS/DSP/Source/TransformFunctions/libCMSISDSPTransform.a(arm_cfft_q15.c.obj) (arm_radix4_butterfly_q15)
lib/CMSIS_5/CMSIS/DSP/Source/TransformFunctions/libCMSISDSPTransform.a(arm_bitreversal.c.obj)
                              lib/CMSIS_5/CMSIS/DSP/Source/TransformFunctions/libCMSISDSPTransform.a(arm_cfft_radix4_q15.c.obj) (arm_bitreversal_q15)
lib/CMSIS_5/CMSIS/DSP/Source/TransformFunctions/libCMSISDSPTransform.a(arm_bitreversal2.c.obj)
                              lib/CMSIS_5/CMSIS/DSP/Source/TransformFunctions/libCMSISDSPTransform.a(arm_cfft_q15.c.obj) (arm_bitreversal_16)
lib/CMSIS_5/CMSIS/DSP/Source/SupportFunctions/libCMSISDSPSupport.a(arm_float_to_q15.c.obj)
                              CMakeFiles/pico_inference_app.dir/src/dsp_pipeline.cpp.obj (arm_float_to_q15)
lib/CMSIS_5/CMSIS/DSP/Source/CommonTables/libCMSISDSPCommon.a(arm_common_tables.c.obj)
                              lib/CMSIS_5/CMSIS/DSP/Source/TransformFunctions/libCMSISDSPTransform.a(arm_rfft_init_q15.c.obj) (realCoefBQ15)
lib/CMSIS_5/CMSIS/DSP/Source/CommonTables/libCMSISDSPCommon.a(arm_const_structs.c.obj)
                              lib/CMSIS_5/CMSIS/DSP/Source/TransformFunctions/libCMSISDSPTransform.a(arm_rfft_init_q15.c.obj) (arm_cfft_sR_q15_len128)
lib/CMSIS_5/CMSIS/DSP/Source/ComplexMathFunctions/libCMSISDSPComplexMath.a(arm_cmplx_mag_q15.c.obj)
                              CMakeFiles/pico_inference_app.dir/src/dsp_pipeline.cpp.obj (arm_cmplx_mag_q15)
lib/CMSIS_5/CMSIS/DSP/Source/FastMathFunctions/libCMSISDSPFastMath.a(arm_cos_f32.c.obj)
                              CMakeFiles/pico_inference_app.dir/src/dsp_pipeline.cpp.obj (arm_cos_f32)
lib/CMSIS_5/CMSIS/DSP/Source/FastMathFunctions/libCMSISDSPFastMath.a(arm_sqrt_q15.c.obj)
                              lib/CMSIS_5/CMSIS/DSP/Source/ComplexMathFunctions/libCMSISDSPComplexMath.a(arm_cmplx_mag_q15.c.obj) (arm_sqrt_q15)
lib/CMSIS_5/CMSIS/DSP/Source/BasicMathFunctions/libCMSISDSPBasicMath.a(arm_mult_q15.c.obj)
                              CMakeFiles/pico_inference_app.dir/src/dsp_pipeline.cpp.obj (arm_mult_q15)
lib/CMSIS_5/CMSIS/DSP/Source/BasicMathFunctions/libCMSISDSPBasicMath.a(arm_shift_q15.c.obj)
                              lib/CMSIS_5/CMSIS/DSP/Source/TransformFunctions/libCMSISDSPTransform.a(arm_rfft_q15.c.obj) (arm_shift_q15)
/usr/lib/gcc/arm-none-eabi/9.2.1/../../../arm-none-eabi/lib/thumb/v6-m/nofp/libstdc++.a(guard.o)
                              CMakeFiles/pico_inference_app.dir/lib/pico-tflmicro/src/tensorflow/lite/micro/test_helpers.cpp.obj (__cxa_guard_acquire)
/usr/lib/gcc/arm-none-eabi/9.2.1/../../../arm-none-eabi/lib/thumb/v6-m/nofp/libstdc++.a(guard_error.o)
                              /usr/lib/gcc/arm-none-eabi/9.2.1/../../../arm-none-eabi/lib/thumb/v6-m/nofp/libstdc++.a(guard.o) (__gnu_cxx::recursive_init_error::~recursive_init_error())
/usr/lib/gcc/arm-none-eabi/9.2.1/../../../arm-none-eabi/lib/thumb/v6-m/nofp/libstdc++.a(si_class_type_info.o)
                              /usr/lib/gcc/arm-none-eabi/9.2.1/../../../arm-none-eabi/lib/thumb/v6-m/nofp/libstdc++.a(guard_error.o) (vtable for __cxxabiv1::__si_class_type_info)
/usr/lib/gcc/arm-none-eabi/9.2.1/../../../arm-none-eabi/lib/thumb/v6-m/nofp/libstdc++.a(tinfo.o)
                              /usr/lib/gcc/arm-none-eabi/9.2.1/../../../arm-none-eabi/lib/thumb/v6-m/nofp/libstdc++.a(si_class_type_info.o) (std::type_info::__is_pointer_p() const)
/usr/lib/gcc/arm-none-eabi/9.2.1/../../../arm-none-eabi/lib/thumb/v6-m/nofp/libstdc++.a(class_type_info.o)
                              /usr/lib/gcc/arm-none-eabi/9.2.1/../../../arm-none-eabi/lib/thumb/v6-m/nofp/libstdc++.a(si_class_type_info.o) (__cxxabiv1::__class_type_info::__do_upcast(__cxxabiv1::__class_type_info const*, void**) const)
/usr/lib/gcc/arm-none-eabi/9.2.1/../../../arm-none-eabi/lib/thumb/v6-m/nofp/libstdc++.a(eh_alloc.o)
                              /usr/lib/gcc/arm-none-eabi/9.2.1/../../../arm-none-eabi/lib/thumb/v6-m/nofp/libstdc++.a(guard.o) (__cxa_allocate_exception)
/usr/lib/gcc/arm-none-eabi/9.2.1/../../../arm-none-eabi/lib/thumb/v6-m/nofp/libstdc++.a(eh_exception.o)
[...]
Memory Configuration

Name             Origin             Length             Attributes
FLASH            0x0000000010000000 0x0000000000200000 xr
RAM              0x0000000020000000 0x0000000000040000 xrw
SCRATCH_X        0x0000000020040000 0x0000000000001000 xrw
SCRATCH_Y        0x0000000020041000 0x0000000000001000 xrw
*default*        0x0000000000000000 0xffffffffffffffff

Linker script and memory map

LOAD /usr/lib/gcc/arm-none-eabi/9.2.1/thumb/v6-m/nofp/crti.o
LOAD /usr/lib/gcc/arm-none-eabi/9.2.1/thumb/v6-m/nofp/crtbegin.o
LOAD /usr/lib/gcc/arm-none-eabi/9.2.1/../../../arm-none-eabi/lib/thumb/v6-m/nofp/crt0.o

.flash_begin    0x0000000010000000        0x0
                0x0000000010000000                __flash_binary_start = .

.boot2          0x0000000010000000      0x100
                0x0000000010000000                __boot2_start__ = .
 *(.boot2)
 .boot2         0x0000000010000000      0x100 /tmp/ccrw4v9K.o
                0x0000000010000100                __boot2_end__ = .
                0x0000000000000001                ASSERT (((__boot2_end__ - __boot2_start__) == 0x100), ERROR: Pico second stage bootloader must be 256 bytes in size)

.text           0x0000000010000100    0x4df70
                0x0000000010000100                __logical_binary_start = .
 *(.vectors)
 .vectors       0x0000000010000100       0xd4 CMakeFiles/pico_inference_app.dir/home/sakib/working_dir/railcop/pico/pico-sdk/src/rp2_common/pico_standard_link/crt0.S.obj
                0x0000000010000100                __vectors
                0x0000000010000100                __VECTOR_TABLE
                0x00000000100001c0                isr_invalid
                0x00000000100001c0                __default_isrs_start
                0x00000000100001c2                isr_nmi
                0x00000000100001c4                isr_hardfault
                0x00000000100001c6                isr_svcall
                0x00000000100001c8                isr_pendsv
                0x00000000100001ca                isr_systick
                0x00000000100001cc                isr_irq30
                0x00000000100001cc                __unhandled_user_irq
                0x00000000100001cc                isr_irq13
                0x00000000100001cc                isr_irq27
                0x00000000100001cc                isr_irq31
                0x00000000100001cc                isr_irq5
                0x00000000100001cc                isr_irq11
                0x00000000100001cc                isr_irq23
                0x00000000100001cc                isr_irq18
                0x00000000100001cc                isr_irq28
                0x00000000100001cc                isr_irq19
                0x00000000100001cc                isr_irq0
                0x00000000100001cc                isr_irq6
                0x00000000100001cc                isr_irq22
                0x00000000100001cc                isr_irq17
                0x00000000100001cc                isr_irq14
                0x00000000100001cc                isr_irq2
                0x00000000100001cc                isr_irq10
                0x00000000100001cc                isr_irq8
                0x00000000100001cc                isr_irq24
                0x00000000100001cc                isr_irq1
                0x00000000100001cc                isr_irq7
                0x00000000100001cc                isr_irq21
                0x00000000100001cc                isr_irq20
                0x00000000100001cc                isr_irq15
                0x00000000100001cc                isr_irq25
                0x00000000100001cc                isr_irq4
                0x00000000100001cc                isr_irq16
                0x00000000100001cc                isr_irq29
                0x00000000100001cc                isr_irq26
                0x00000000100001cc                __default_isrs_end
                0x00000000100001cc                isr_irq3
                0x00000000100001cc                isr_irq12
                0x00000000100001cc                isr_irq9
                0x00000000100001d2                unhandled_user_irq_num_in_r0
 *(.binary_info_header)
 .binary_info_header
                0x00000000100001d4       0x14 CMakeFiles/pico_inference_app.dir/home/sakib/working_dir/railcop/pico/pico-sdk/src/rp2_common/pico_standard_link/crt0.S.obj
                0x00000000100001e8                __binary_info_header_end = .
 *(.reset)
 .reset         0x00000000100001e8       0xa8 CMakeFiles/pico_inference_app.dir/home/sakib/working_dir/railcop/pico/pico-sdk/src/rp2_common/pico_standard_link/crt0.S.obj
                0x00000000100001e8                _entry_point
                0x0000000010000266                __get_current_exception
 .reset         0x0000000010000290       0x30 CMakeFiles/pico_inference_app.dir/home/sakib/working_dir/railcop/pico/pico-sdk/src/rp2_common/pico_standard_link/binary_info.c.obj
 *(.init)
 .init          0x00000000100002c0        0x4 /usr/lib/gcc/arm-none-eabi/9.2.1/thumb/v6-m/nofp/crti.o
                0x00000000100002c0                _init
 *(EXCLUDE_FILE(*libm.a: *libc.a:*lib_a-mem*.o *libgcc.a:) .text*)
 .text          0x00000000100002c4       0x98 /usr/lib/gcc/arm-none-eabi/9.2.1/thumb/v6-m/nofp/crtbegin.o
 .text.startup.main
                0x000000001000035c      0x138 CMakeFiles/pico_inference_app.dir/src/main.cpp.obj
                0x000000001000035c                main
 .text.setup_default_uart
                0x0000000010000494       0x2c CMakeFiles/pico_inference_app.dir/home/sakib/working_dir/railcop/pico/pico-sdk/src/rp2_common/pico_stdlib/stdlib.c.obj
                0x0000000010000494                setup_default_uart
 .text.gpio_set_function
                0x00000000100004c0       0x30 CMakeFiles/pico_inference_app.dir/home/sakib/working_dir/railcop/pico/pico-sdk/src/rp2_common/hardware_gpio/gpio.c.obj
                0x00000000100004c0                gpio_set_function
 .text.hw_claim_or_assert
                0x00000000100004f0       0x48 CMakeFiles/pico_inference_app.dir/home/sakib/working_dir/railcop/pico/pico-sdk/src/rp2_common/hardware_claim/claim.c.obj
                0x00000000100004f0                hw_claim_or_assert
 .text.hw_claim_unused_from_range
                0x0000000010000538       0x9c CMakeFiles/pico_inference_app.dir/home/sakib/working_dir/railcop/pico/pico-sdk/src/rp2_common/hardware_claim/claim.c.obj
                0x0000000010000538                hw_claim_unused_from_range
 .text.running_on_fpga
                0x00000000100005d4       0x10 CMakeFiles/pico_inference_app.dir/home/sakib/working_dir/railcop/pico/pico-sdk/src/rp2_common/pico_platform/platform.c.obj
                0x00000000100005d4                running_on_fpga
 .text.spin_locks_reset
                0x00000000100005e4       0x1c CMakeFiles/pico_inference_app.dir/home/sakib/working_dir/railcop/pico/pico-sdk/src/rp2_common/hardware_sync/sync.c.obj
                0x00000000100005e4                spin_locks_reset
 .text.next_striped_spin_lock_num
                0x0000000010000600       0x18 CMakeFiles/pico_inference_app.dir/home/sakib/working_dir/railcop/pico/pico-sdk/src/rp2_common/hardware_sync/sync.c.obj
                0x0000000010000600                next_striped_spin_lock_num
 .text.spin_lock_claim_unused
                0x0000000010000618       0x20 CMakeFiles/pico_inference_app.dir/home/sakib/working_dir/railcop/pico/pico-sdk/src/rp2_common/hardware_sync/sync.c.obj
                0x0000000010000618                spin_lock_claim_unused
 .text.uart_init
                0x0000000010000638       0xe4 CMakeFiles/pico_inference_app.dir/home/sakib/working_dir/railcop/pico/pico-sdk/src/rp2_common/hardware_uart/uart.c.obj
                0x0000000010000638                uart_init
 .text.timer_pool_entry_comparator
                0x000000001000071c       0x34 CMakeFiles/pico_inference_app.dir/home/sakib/working_dir/railcop/pico/pico-sdk/src/common/pico_time/time.c.obj
                0x000000001000071c                timer_pool_entry_comparator
 .text.sleep_until_callback
                0x0000000010000750       0x30 CMakeFiles/pico_inference_app.dir/home/sakib/working_dir/railcop/pico/pico-sdk/src/common/pico_time/time.c.obj
 .text.alarm_pool_add_alarm_at.constprop.0
                0x0000000010000780      0x128 CMakeFiles/pico_inference_app.dir/home/sakib/working_dir/railcop/pico/pico-sdk/src/common/pico_time/time.c.obj
 .text.add_alarm_under_lock
                0x00000000100008a8      0x108 CMakeFiles/pico_inference_app.dir/home/sakib/working_dir/railcop/pico/pico-sdk/src/common/pico_time/time.c.obj
 .text.alarm_pool_alarm_callback
                0x00000000100009b0      0x1c8 CMakeFiles/pico_inference_app.dir/home/sakib/working_dir/railcop/pico/pico-sdk/src/common/pico_time/time.c.obj
 .text.alarm_pool_init_default
                0x0000000010000b78       0x64 CMakeFiles/pico_inference_app.dir/home/sakib/working_dir/railcop/pico/pico-sdk/src/common/pico_time/time.c.obj
                0x0000000010000b78                alarm_pool_init_default
 .text.alarm_pool_get_default
                0x0000000010000bdc        0x8 CMakeFiles/pico_inference_app.dir/home/sakib/working_dir/railcop/pico/pico-sdk/src/common/pico_time/time.c.obj
                0x0000000010000bdc                alarm_pool_get_default
 .text.alarm_pool_add_alarm_at
                0x0000000010000be4      0x1ac CMakeFiles/pico_inference_app.dir/home/sakib/working_dir/railcop/pico/pico-sdk/src/common/pico_time/time.c.obj
                0x0000000010000be4                alarm_pool_add_alarm_at
 .text.best_effort_wfe_or_timeout
                0x0000000010000d90       0xd4 CMakeFiles/pico_inference_app.dir/home/sakib/working_dir/railcop/pico/pico-sdk/src/common/pico_time/time.c.obj
                0x0000000010000d90                best_effort_wfe_or_timeout
 .text.hardware_alarm_irq_handler
                0x0000000010000e64       0xb8 CMakeFiles/pico_inference_app.dir/home/sakib/working_dir/railcop/pico/pico-sdk/src/rp2_common/hardware_timer/timer.c.obj
 .text.hardware_alarm_claim
                0x0000000010000f1c       0x18 CMakeFiles/pico_inference_app.dir/home/sakib/working_dir/railcop/pico/pico-sdk/src/rp2_common/hardware_timer/timer.c.obj
                0x0000000010000f1c                hardware_alarm_claim
 .text.time_us_64
                0x0000000010000f34       0x14 CMakeFiles/pico_inference_app.dir/home/sakib/working_dir/railcop/pico/pico-sdk/src/rp2_common/hardware_timer/timer.c.obj
                0x0000000010000f34                time_us_64
 .text.hardware_alarm_set_callback
                0x0000000010000f48       0x8c CMakeFiles/pico_inference_app.dir/home/sakib/working_dir/railcop/pico/pico-sdk/src/rp2_common/hardware_timer/timer.c.obj
                0x0000000010000f48                hardware_alarm_set_callback
 .text.hardware_alarm_set_target
                0x0000000010000fd4       0xe4 CMakeFiles/pico_inference_app.dir/home/sakib/working_dir/railcop/pico/pico-sdk/src/rp2_common/hardware_timer/timer.c.obj
                0x0000000010000fd4                hardware_alarm_set_target
 .text.hardware_alarm_cancel
                0x00000000100010b8       0x40 CMakeFiles/pico_inference_app.dir/home/sakib/working_dir/railcop/pico/pico-sdk/src/rp2_common/hardware_timer/timer.c.obj
                0x00000000100010b8                hardware_alarm_cancel
 .text.lock_init
                0x00000000100010f8       0x10 CMakeFiles/pico_inference_app.dir/home/sakib/working_dir/railcop/pico/pico-sdk/src/common/pico_sync/lock_core.c.obj
                0x00000000100010f8                lock_init
 .text.mutex_init
                0x0000000010001108       0x1c CMakeFiles/pico_inference_app.dir/home/sakib/working_dir/railcop/pico/pico-sdk/src/common/pico_sync/mutex.c.obj
                0x0000000010001108                mutex_init
 .text.recursive_mutex_init
                0x0000000010001124       0x1c CMakeFiles/pico_inference_app.dir/home/sakib/working_dir/railcop/pico/pico-sdk/src/common/pico_sync/mutex.c.obj
                0x0000000010001124                recursive_mutex_init
 .text.critical_section_init
                0x0000000010001140       0x1c CMakeFiles/pico_inference_app.dir/home/sakib/working_dir/railcop/pico/pico-sdk/src/common/pico_sync/critical_section.c.obj
                0x0000000010001140                critical_section_init
 .text.ph_merge_nodes
                0x000000001000115c       0x68 CMakeFiles/pico_inference_app.dir/home/sakib/working_dir/railcop/pico/pico-sdk/src/common/pico_util/pheap.c.obj
 .text.ph_post_alloc_init
                0x00000000100011c4       0x3c CMakeFiles/pico_inference_app.dir/home/sakib/working_dir/railcop/pico/pico-sdk/src/common/pico_util/pheap.c.obj
                0x00000000100011c4                ph_post_alloc_init
 .text.ph_merge_two_pass
                0x0000000010001200       0x90 CMakeFiles/pico_inference_app.dir/home/sakib/working_dir/railcop/pico/pico-sdk/src/common/pico_util/pheap.c.obj
                0x0000000010001200                ph_merge_two_pass
 .text.ph_remove_any_head
                0x0000000010001290       0xf8 CMakeFiles/pico_inference_app.dir/home/sakib/working_dir/railcop/pico/pico-sdk/src/common/pico_util/pheap.c.obj
 .text.ph_remove_head
                0x0000000010001388      0x13c CMakeFiles/pico_inference_app.dir/home/sakib/working_dir/railcop/pico/pico-sdk/src/common/pico_util/pheap.c.obj
                0x0000000010001388                ph_remove_head
 .text.ph_remove_and_free_node
                0x00000000100014c4       0x7c CMakeFiles/pico_inference_app.dir/home/sakib/working_dir/railcop/pico/pico-sdk/src/common/pico_util/pheap.c.obj
                0x00000000100014c4                ph_remove_and_free_node
 .text.runtime_init
                0x0000000010001540       0xf0 CMakeFiles/pico_inference_app.dir/home/sakib/working_dir/railcop/pico/pico-sdk/src/rp2_common/pico_runtime/runtime.c.obj
                0x0000000010001540                runtime_init
 .text._exit    0x0000000010001630        0x4 CMakeFiles/pico_inference_app.dir/home/sakib/working_dir/railcop/pico/pico-sdk/src/rp2_common/pico_runtime/runtime.c.obj
                0x0000000010001630                _exit
 .text._sbrk    0x0000000010001634       0x34 CMakeFiles/pico_inference_app.dir/home/sakib/working_dir/railcop/pico/pico-sdk/src/rp2_common/pico_runtime/runtime.c.obj
                0x0000000010001634                _sbrk
 .text.exit     0x0000000010001668        0x4 CMakeFiles/pico_inference_app.dir/home/sakib/working_dir/railcop/pico/pico-sdk/src/rp2_common/pico_runtime/runtime.c.obj
                0x0000000010001668                exit
 .text.panic    0x000000001000166c       0x30 CMakeFiles/pico_inference_app.dir/home/sakib/working_dir/railcop/pico/pico-sdk/src/rp2_common/pico_runtime/runtime.c.obj
                0x000000001000166c                panic
 .text.hard_assertion_failure
                0x000000001000169c        0xc CMakeFiles/pico_inference_app.dir/home/sakib/working_dir/railcop/pico/pico-sdk/src/rp2_common/pico_runtime/runtime.c.obj
                0x000000001000169c                hard_assertion_failure
 .text.clocks_init
                0x00000000100016a8      0x2bc CMakeFiles/pico_inference_app.dir/home/sakib/working_dir/railcop/pico/pico-sdk/src/rp2_common/hardware_clocks/clocks.c.obj
                0x00000000100016a8                clocks_init
 .text.clock_get_hz
                0x0000000010001964        0xc CMakeFiles/pico_inference_app.dir/home/sakib/working_dir/railcop/pico/pico-sdk/src/rp2_common/hardware_clocks/clocks.c.obj
                0x0000000010001964                clock_get_hz
 .text.irq_set_enabled
                0x0000000010001970       0x24 CMakeFiles/pico_inference_app.dir/home/sakib/working_dir/railcop/pico/pico-sdk/src/rp2_common/hardware_irq/irq.c.obj
                0x0000000010001970                irq_set_enabled
 .text.irq_set_pending
                0x0000000010001994       0x10 CMakeFiles/pico_inference_app.dir/home/sakib/working_dir/railcop/pico/pico-sdk/src/rp2_common/hardware_irq/irq.c.obj
                0x0000000010001994                irq_set_pending
 .text.irq_get_vtable_handler
                0x00000000100019a4       0x10 CMakeFiles/pico_inference_app.dir/home/sakib/working_dir/railcop/pico/pico-sdk/src/rp2_common/hardware_irq/irq.c.obj
                0x00000000100019a4                irq_get_vtable_handler
 .text.irq_set_exclusive_handler
                0x00000000100019b4       0x54 CMakeFiles/pico_inference_app.dir/home/sakib/working_dir/railcop/pico/pico-sdk/src/rp2_common/hardware_irq/irq.c.obj
                0x00000000100019b4                irq_set_exclusive_handler
 .text.irq_remove_handler
                0x0000000010001a08      0x1b8 CMakeFiles/pico_inference_app.dir/home/sakib/working_dir/railcop/pico/pico-sdk/src/rp2_common/hardware_irq/irq.c.obj
                0x0000000010001a08                irq_remove_handler
 .text.irq_add_tail_to_free_list
                0x0000000010001bc0       0xb8 CMakeFiles/pico_inference_app.dir/home/sakib/working_dir/railcop/pico/pico-sdk/src/rp2_common/hardware_irq/irq.c.obj
                0x0000000010001bc0                irq_add_tail_to_free_list
 .text.irq_init_priorities
                0x0000000010001c78       0x24 CMakeFiles/pico_inference_app.dir/home/sakib/working_dir/railcop/pico/pico-sdk/src/rp2_common/hardware_irq/irq.c.obj
                0x0000000010001c78                irq_init_priorities
 .text.pll_init
                0x0000000010001c9c       0xa4 CMakeFiles/pico_inference_app.dir/home/sakib/working_dir/railcop/pico/pico-sdk/src/rp2_common/hardware_pll/pll.c.obj
                0x0000000010001c9c                pll_init
 .text.watchdog_start_tick
                0x0000000010001d40       0x10 CMakeFiles/pico_inference_app.dir/home/sakib/working_dir/railcop/pico/pico-sdk/src/rp2_common/hardware_watchdog/watchdog.c.obj
                0x0000000010001d40                watchdog_start_tick
 .text.watchdog_reboot
                0x0000000010001d50       0x98 CMakeFiles/pico_inference_app.dir/home/sakib/working_dir/railcop/pico/pico-sdk/src/rp2_common/hardware_watchdog/watchdog.c.obj
                0x0000000010001d50                watchdog_reboot
 .text.xosc_init
                0x0000000010001de8       0x28 CMakeFiles/pico_inference_app.dir/home/sakib/working_dir/railcop/pico/pico-sdk/src/rp2_common/hardware_xosc/xosc.c.obj
                0x0000000010001de8                xosc_init
 .text._out_null
                0x0000000010001e10        0x4 CMakeFiles/pico_inference_app.dir/home/sakib/working_dir/railcop/pico/pico-sdk/src/rp2_common/pico_printf/printf.c.obj
 .text._out_rev
                0x0000000010001e14       0xd0 CMakeFiles/pico_inference_app.dir/home/sakib/working_dir/railcop/pico/pico-sdk/src/rp2_common/pico_printf/printf.c.obj
 .text._ntoa_format
                0x0000000010001ee4      0x1d0 CMakeFiles/pico_inference_app.dir/home/sakib/working_dir/railcop/pico/pico-sdk/src/rp2_common/pico_printf/printf.c.obj
 .text._out_char
                0x00000000100020b4       0x10 CMakeFiles/pico_inference_app.dir/home/sakib/working_dir/railcop/pico/pico-sdk/src/rp2_common/pico_printf/printf.c.obj
 .text._out_fct
                0x00000000100020c4       0x10 CMakeFiles/pico_inference_app.dir/home/sakib/working_dir/railcop/pico/pico-sdk/src/rp2_common/pico_printf/printf.c.obj
 .text._etoa    0x00000000100020d4      0x478 CMakeFiles/pico_inference_app.dir/home/sakib/working_dir/railcop/pico/pico-sdk/src/rp2_common/pico_printf/printf.c.obj
 .text._ftoa    0x000000001000254c      0x3e0 CMakeFiles/pico_inference_app.dir/home/sakib/working_dir/railcop/pico/pico-sdk/src/rp2_common/pico_printf/printf.c.obj
 .text._vsnprintf
                0x000000001000292c      0xb08 CMakeFiles/pico_inference_app.dir/home/sakib/working_dir/railcop/pico/pico-sdk/src/rp2_common/pico_printf/printf.c.obj
 .text.vfctprintf
                0x0000000010003434       0x20 CMakeFiles/pico_inference_app.dir/home/sakib/working_dir/railcop/pico/pico-sdk/src/rp2_common/pico_printf/printf.c.obj
                0x0000000010003434                vfctprintf
 .text.weak_raw_vprintf
                0x0000000010003454       0x30 CMakeFiles/pico_inference_app.dir/home/sakib/working_dir/railcop/pico/pico-sdk/src/rp2_common/pico_printf/printf.c.obj
                0x0000000010003454                weak_raw_vprintf
 .text          0x0000000010003484       0x10 CMakeFiles/pico_inference_app.dir/home/sakib/working_dir/railcop/pico/pico-sdk/src/rp2_common/pico_bit_ops/bit_ops_aeabi.S.obj
 .text.clzsi    0x0000000010003494        0xc CMakeFiles/pico_inference_app.dir/home/sakib/working_dir/railcop/pico/pico-sdk/src/rp2_common/pico_bit_ops/bit_ops_aeabi.S.obj
                0x0000000010003494                __wrap___clz
                0x0000000010003494                __wrap___clzsi2
                0x0000000010003494                __wrap___clzl
 .text.rom_func_lookup
                0x00000000100034a0       0x10 CMakeFiles/pico_inference_app.dir/home/sakib/working_dir/railcop/pico/pico-sdk/src/rp2_common/pico_bootrom/bootrom.c.obj
                0x00000000100034a0                rom_func_lookup
 .text.rom_data_lookup
                0x00000000100034b0       0x10 CMakeFiles/pico_inference_app.dir/home/sakib/working_dir/railcop/pico/pico-sdk/src/rp2_common/pico_bootrom/bootrom.c.obj
                0x00000000100034b0                rom_data_lookup
 .text.rom_funcs_lookup
                0x00000000100034c0       0x3c CMakeFiles/pico_inference_app.dir/home/sakib/working_dir/railcop/pico/pico-sdk/src/rp2_common/pico_bootrom/bootrom.c.obj
                0x00000000100034c0                rom_funcs_lookup
 .text.__wrap___aeabi_idiv
                0x00000000100034fc       0x50 CMakeFiles/pico_inference_app.dir/home/sakib/working_dir/railcop/pico/pico-sdk/src/rp2_common/pico_divider/divider.S.obj
                0x00000000100034fc                __wrap___aeabi_idivmod
                0x00000000100034fc                divmod_s32s32
                0x00000000100034fc                div_s32s32
                0x00000000100034fc                __wrap___aeabi_idiv
                0x0000000010003504                divmod_s32s32_unsafe
                0x0000000010003530                divmod_s32s32_savestate
 .text.__wrap___aeabi_uidiv
                0x000000001000354c       0x4c CMakeFiles/pico_inference_app.dir/home/sakib/working_dir/railcop/pico/pico-sdk/src/rp2_common/pico_divider/divider.S.obj
                0x000000001000354c                __wrap___aeabi_uidiv
                0x000000001000354c                __wrap___aeabi_uidivmod
                0x000000001000354c                div_u32u32
                0x000000001000354c                divmod_u32u32
                0x0000000010003554                divmod_u32u32_unsafe
                0x000000001000357c                divmod_u32u32_savestate
 .text.__wrap___aeabi_ldiv
                0x0000000010003598      0x434 CMakeFiles/pico_inference_app.dir/home/sakib/working_dir/railcop/pico/pico-sdk/src/rp2_common/pico_divider/divider.S.obj
                0x0000000010003598                div_s64s64
                0x0000000010003598                divmod_s64s64
                0x0000000010003598                __wrap___aeabi_ldivmod
                0x00000000100035d0                div_u64u64
                0x00000000100035d0                divmod_u64u64
                0x00000000100035d0                __wrap___aeabi_uldivmod
                0x00000000100035e0                divmod_u64u64_savestate
                0x0000000010003608                divmod_s64s64_unsafe
                0x0000000010003690                divmod_u64u64_unsafe
 .text.__wrap___aeabi_darithmetic
                0x00000000100039cc       0x80 CMakeFiles/pico_inference_app.dir/home/sakib/working_dir/railcop/pico/pico-sdk/src/rp2_common/pico_double/double_aeabi.S.obj
                0x00000000100039cc                __wrap___aeabi_drsub
                0x00000000100039d2                __wrap___aeabi_dsub
                0x00000000100039e4                __wrap___aeabi_dadd
                0x00000000100039f6                __wrap___aeabi_ddiv
                0x0000000010003a32                __wrap___aeabi_dmul
 .text.__wrap___aeabi_cdcmple
                0x0000000010003a4c       0x6c CMakeFiles/pico_inference_app.dir/home/sakib/working_dir/railcop/pico/pico-sdk/src/rp2_common/pico_double/double_aeabi.S.obj
                0x0000000010003a4c                __wrap___aeabi_cdrcmple
                0x0000000010003a5c                __wrap___aeabi_cdcmple
                0x0000000010003a5c                __wrap___aeabi_cdcmpeq
 .text.__wrap___aeabi_dcmpeq
                0x0000000010003ab8       0x10 CMakeFiles/pico_inference_app.dir/home/sakib/working_dir/railcop/pico/pico-sdk/src/rp2_common/pico_double/double_aeabi.S.obj
                0x0000000010003ab8                __wrap___aeabi_dcmpeq
 .text.__wrap___aeabi_dcmplt
                0x0000000010003ac8        0xc CMakeFiles/pico_inference_app.dir/home/sakib/working_dir/railcop/pico/pico-sdk/src/rp2_common/pico_double/double_aeabi.S.obj
                0x0000000010003ac8                __wrap___aeabi_dcmplt
 .text.__wrap___aeabi_dcmple
                0x0000000010003ad4       0x10 CMakeFiles/pico_inference_app.dir/home/sakib/working_dir/railcop/pico/pico-sdk/src/rp2_common/pico_double/double_aeabi.S.obj
                0x0000000010003ad4                __wrap___aeabi_dcmple
 .text.__wrap___aeabi_dcmpge
                0x0000000010003ae4       0x10 CMakeFiles/pico_inference_app.dir/home/sakib/working_dir/railcop/pico/pico-sdk/src/rp2_common/pico_double/double_aeabi.S.obj
                0x0000000010003ae4                __wrap___aeabi_dcmpge
 .text.__wrap___aeabi_dcmpgt
                0x0000000010003af4        0xa CMakeFiles/pico_inference_app.dir/home/sakib/working_dir/railcop/pico/pico-sdk/src/rp2_common/pico_double/double_aeabi.S.obj
                0x0000000010003af4                __wrap___aeabi_dcmpgt
 .text.__wrap___aeabi_dcmpun
                0x0000000010003afe       0x1c CMakeFiles/pico_inference_app.dir/home/sakib/working_dir/railcop/pico/pico-sdk/src/rp2_common/pico_double/double_aeabi.S.obj
                0x0000000010003afe                __wrap___aeabi_dcmpun
 *fill*         0x0000000010003b1a        0x2 
 .text.__wrap___aeabi_i2d
                0x0000000010003b1c       0x38 CMakeFiles/pico_inference_app.dir/home/sakib/working_dir/railcop/pico/pico-sdk/src/rp2_common/pico_double/double_aeabi.S.obj
                0x0000000010003b1c                __wrap___aeabi_ui2d
                0x0000000010003b24                __wrap___aeabi_i2d
 .text.__wrap___aeabi_d2iz
                0x0000000010003b54       0x48 CMakeFiles/pico_inference_app.dir/home/sakib/working_dir/railcop/pico/pico-sdk/src/rp2_common/pico_double/double_aeabi.S.obj
                0x0000000010003b54                __wrap___aeabi_d2iz
                0x0000000010003b54                double2int_z
 .text.__wrap___aeabi_d2uiz
                0x0000000010003b9c       0x18 CMakeFiles/pico_inference_app.dir/home/sakib/working_dir/railcop/pico/pico-sdk/src/rp2_common/pico_double/double_aeabi.S.obj
                0x0000000010003b9c                double2uint
                0x0000000010003b9c                __wrap___aeabi_d2uiz
 .text.__wrap___aeabi_l2d
                0x0000000010003bb4       0x18 CMakeFiles/pico_inference_app.dir/home/sakib/working_dir/railcop/pico/pico-sdk/src/rp2_common/pico_double/double_aeabi.S.obj
                0x0000000010003bb4                __wrap___aeabi_l2d
 .text.__wrap___aeabi_ul2d
                0x0000000010003bcc       0x18 CMakeFiles/pico_inference_app.dir/home/sakib/working_dir/railcop/pico/pico-sdk/src/rp2_common/pico_double/double_aeabi.S.obj
                0x0000000010003bcc                __wrap___aeabi_ul2d
 .text.__wrap___aeabi_d2lz
                0x0000000010003be4       0x26 CMakeFiles/pico_inference_app.dir/home/sakib/working_dir/railcop/pico/pico-sdk/src/rp2_common/pico_double/double_aeabi.S.obj
                0x0000000010003be4                __wrap___aeabi_d2lz
                0x0000000010003be4                double2int64_z
 *fill*         0x0000000010003c0a        0x2 
 .text.double2int64
                0x0000000010003c0c       0x18 CMakeFiles/pico_inference_app.dir/home/sakib/working_dir/railcop/pico/pico-sdk/src/rp2_common/pico_double/double_aeabi.S.obj
                0x0000000010003c0c                double2int64
 .text.__wrap___aeabi_d2ulz
                0x0000000010003c24       0x18 CMakeFiles/pico_inference_app.dir/home/sakib/working_dir/railcop/pico/pico-sdk/src/rp2_common/pico_double/double_aeabi.S.obj
                0x0000000010003c24                __wrap___aeabi_d2ulz
 .text.double2ufix64
                0x0000000010003c3c       0x18 CMakeFiles/pico_inference_app.dir/home/sakib/working_dir/railcop/pico/pico-sdk/src/rp2_common/pico_double/double_aeabi.S.obj
                0x0000000010003c3c                double2ufix64
 .text.__wrap___aeabi_d2f
                0x0000000010003c54       0x18 CMakeFiles/pico_inference_app.dir/home/sakib/working_dir/railcop/pico/pico-sdk/src/rp2_common/pico_double/double_aeabi.S.obj
                0x0000000010003c54                __wrap___aeabi_d2f
 .text.__aeabi_double_init
                0x0000000010003c6c       0xc0 CMakeFiles/pico_inference_app.dir/home/sakib/working_dir/railcop/pico/pico-sdk/src/rp2_common/pico_double/double_init_rom.c.obj
                0x0000000010003c6c                __aeabi_double_init
 .text.__wrap_round
                0x0000000010003d2c       0xa0 CMakeFiles/pico_inference_app.dir/home/sakib/working_dir/railcop/pico/pico-sdk/src/rp2_common/pico_double/double_math.c.obj
                0x0000000010003d2c                __wrap_round
 .text.__wrap_floor
                0x0000000010003dcc       0x90 CMakeFiles/pico_inference_app.dir/home/sakib/working_dir/railcop/pico/pico-sdk/src/rp2_common/pico_double/double_math.c.obj
                0x0000000010003dcc                __wrap_floor
 .text.double_table_shim_on_use_helper
                0x0000000010003e5c       0x2c CMakeFiles/pico_inference_app.dir/home/sakib/working_dir/railcop/pico/pico-sdk/src/rp2_common/pico_double/double_v1_rom_shim.S.obj
                0x0000000010003e5c                double_table_shim_on_use_helper
 .text.__wrap___aeabi_dsub
                0x0000000010003e88       0x10 CMakeFiles/pico_inference_app.dir/home/sakib/working_dir/railcop/pico/pico-sdk/src/rp2_common/pico_double/double_v1_rom_shim.S.obj
                0x0000000010003e88                drsub_shim
                0x0000000010003e8e                dsub_shim
 .text.dadd_shim
                0x0000000010003e98      0x15c CMakeFiles/pico_inference_app.dir/home/sakib/working_dir/railcop/pico/pico-sdk/src/rp2_common/pico_double/double_v1_rom_shim.S.obj
                0x0000000010003e98                dadd_shim
 .text.dmul_shim
                0x0000000010003ff4      0x15c CMakeFiles/pico_inference_app.dir/home/sakib/working_dir/railcop/pico/pico-sdk/src/rp2_common/pico_double/double_v1_rom_shim.S.obj
                0x0000000010003ff4                dmul_shim
 .text.ddiv_shim
                0x0000000010004150      0x1b0 CMakeFiles/pico_inference_app.dir/home/sakib/working_dir/railcop/pico/pico-sdk/src/rp2_common/pico_double/double_v1_rom_shim.S.obj
                0x0000000010004150                ddiv_shim
 .text.double2uint_shim
                0x0000000010004300        0xe CMakeFiles/pico_inference_app.dir/home/sakib/working_dir/railcop/pico/pico-sdk/src/rp2_common/pico_double/double_v1_rom_shim.S.obj
                0x0000000010004300                double2uint_shim
                0x0000000010004302                double2ufix_shim
 .text.double2int64_shim
                0x000000001000430e       0x1a CMakeFiles/pico_inference_app.dir/home/sakib/working_dir/railcop/pico/pico-sdk/src/rp2_common/pico_double/double_v1_rom_shim.S.obj
                0x000000001000430e                double2int64_shim
                0x0000000010004310                double2fix64_shim
 .text.double2uint64_shim
                0x0000000010004328       0x70 CMakeFiles/pico_inference_app.dir/home/sakib/working_dir/railcop/pico/pico-sdk/src/rp2_common/pico_double/double_v1_rom_shim.S.obj
                0x0000000010004328                double2uint64_shim
                0x000000001000432a                double2ufix64_shim
                0x000000001000434a                d2fix_a
 .text.double2float_shim
                0x0000000010004398       0x5c CMakeFiles/pico_inference_app.dir/home/sakib/working_dir/railcop/pico/pico-sdk/src/rp2_common/pico_double/double_v1_rom_shim.S.obj
                0x0000000010004398                double2float_shim
 .text.x2double_shims
                0x00000000100043f4       0x90 CMakeFiles/pico_inference_app.dir/home/sakib/working_dir/railcop/pico/pico-sdk/src/rp2_common/pico_double/double_v1_rom_shim.S.obj
                0x00000000100043f4                uint2double_shim
                0x00000000100043f6                ufix2double_shim
                0x00000000100043fc                int2double_shim
                0x00000000100043fe                fix2double_shim
                0x0000000010004404                uint642double_shim
                0x0000000010004406                ufix642double_shim
                0x000000001000440c                int642double_shim
                0x000000001000440e                fix642double_shim
 .text.dunpacks
                0x0000000010004484       0x3c CMakeFiles/pico_inference_app.dir/home/sakib/working_dir/railcop/pico/pico-sdk/src/rp2_common/pico_double/double_v1_rom_shim.S.obj
                0x0000000010004484                dunpacks
 .text.__aeabi_lmul
                0x00000000100044c0       0x32 CMakeFiles/pico_inference_app.dir/home/sakib/working_dir/railcop/pico/pico-sdk/src/rp2_common/pico_int64_ops/pico_int64_ops_aeabi.S.obj
                0x00000000100044c0                __wrap___aeabi_lmul
 *fill*         0x00000000100044f2        0x2 
 .text.__wrap___aeabi_farithmetic
                0x00000000100044f4       0x48 CMakeFiles/pico_inference_app.dir/home/sakib/working_dir/railcop/pico/pico-sdk/src/rp2_common/pico_float/float_aeabi.S.obj
                0x00000000100044f4                __wrap___aeabi_frsub
                0x00000000100044fa                __wrap___aeabi_fsub
                0x0000000010004500                __wrap___aeabi_fadd
                0x0000000010004506                __wrap___aeabi_fdiv
                0x000000001000452e                __wrap___aeabi_fmul
 .text.__wrap___aeabi_cfcmple
                0x000000001000453c       0x50 CMakeFiles/pico_inference_app.dir/home/sakib/working_dir/railcop/pico/pico-sdk/src/rp2_common/pico_float/float_aeabi.S.obj
                0x000000001000453c                __wrap___aeabi_cfrcmple
                0x0000000010004548                __wrap___aeabi_cfcmpeq
                0x0000000010004548                __wrap___aeabi_cfcmple
 .text.__wrap___aeabi_fcmpeq
                0x000000001000458c       0x10 CMakeFiles/pico_inference_app.dir/home/sakib/working_dir/railcop/pico/pico-sdk/src/rp2_common/pico_float/float_aeabi.S.obj
                0x000000001000458c                __wrap___aeabi_fcmpeq
 .text.__wrap___aeabi_fcmplt
                0x000000001000459c        0xc CMakeFiles/pico_inference_app.dir/home/sakib/working_dir/railcop/pico/pico-sdk/src/rp2_common/pico_float/float_aeabi.S.obj
                0x000000001000459c                __wrap___aeabi_fcmplt
 .text.__wrap___aeabi_fcmple
                0x00000000100045a8       0x10 CMakeFiles/pico_inference_app.dir/home/sakib/working_dir/railcop/pico/pico-sdk/src/rp2_common/pico_float/float_aeabi.S.obj
                0x00000000100045a8                __wrap___aeabi_fcmple
 .text.__wrap___aeabi_fcmpge
                0x00000000100045b8       0x10 CMakeFiles/pico_inference_app.dir/home/sakib/working_dir/railcop/pico/pico-sdk/src/rp2_common/pico_float/float_aeabi.S.obj
                0x00000000100045b8                __wrap___aeabi_fcmpge
 .text.__wrap___aeabi_fcmpgt
                0x00000000100045c8        0xa CMakeFiles/pico_inference_app.dir/home/sakib/working_dir/railcop/pico/pico-sdk/src/rp2_common/pico_float/float_aeabi.S.obj
                0x00000000100045c8                __wrap___aeabi_fcmpgt
 .text.__wrap___aeabi_ui2f
                0x00000000100045d2        0xa CMakeFiles/pico_inference_app.dir/home/sakib/working_dir/railcop/pico/pico-sdk/src/rp2_common/pico_float/float_aeabi.S.obj
                0x00000000100045d2                __wrap___aeabi_ui2f
 .text.__wrap___aeabi_i2f
                0x00000000100045dc       0x44 CMakeFiles/pico_inference_app.dir/home/sakib/working_dir/railcop/pico/pico-sdk/src/rp2_common/pico_float/float_aeabi.S.obj
                0x00000000100045dc                __wrap___aeabi_i2f
 .text.__wrap___aeabi_f2iz
                0x0000000010004620       0x4e CMakeFiles/pico_inference_app.dir/home/sakib/working_dir/railcop/pico/pico-sdk/src/rp2_common/pico_float/float_aeabi.S.obj
                0x0000000010004620                __wrap___aeabi_f2iz
                0x0000000010004620                float2int_z
 *fill*         0x000000001000466e        0x2 
 .text.float2int
                0x0000000010004670       0x14 CMakeFiles/pico_inference_app.dir/home/sakib/working_dir/railcop/pico/pico-sdk/src/rp2_common/pico_float/float_aeabi.S.obj
                0x0000000010004670                float2int
 .text.__wrap___aeabi_f2uiz
                0x0000000010004684        0xc CMakeFiles/pico_inference_app.dir/home/sakib/working_dir/railcop/pico/pico-sdk/src/rp2_common/pico_float/float_aeabi.S.obj
                0x0000000010004684                __wrap___aeabi_f2uiz
 .text.fix2float
                0x0000000010004690        0xc CMakeFiles/pico_inference_app.dir/home/sakib/working_dir/railcop/pico/pico-sdk/src/rp2_common/pico_float/float_aeabi.S.obj
                0x0000000010004690                fix2float
 .text.__wrap___aeabi_f2d
                0x000000001000469c       0x14 CMakeFiles/pico_inference_app.dir/home/sakib/working_dir/railcop/pico/pico-sdk/src/rp2_common/pico_float/float_aeabi.S.obj
                0x000000001000469c                __wrap___aeabi_f2d
 .text.__wrap_srqtf
                0x00000000100046b0       0x20 CMakeFiles/pico_inference_app.dir/home/sakib/working_dir/railcop/pico/pico-sdk/src/rp2_common/pico_float/float_aeabi.S.obj
                0x00000000100046b0                __wrap_sqrtf
 .text.__wrap_cosf
                0x00000000100046d0       0x24 CMakeFiles/pico_inference_app.dir/home/sakib/working_dir/railcop/pico/pico-sdk/src/rp2_common/pico_float/float_aeabi.S.obj
                0x00000000100046d0                __wrap_cosf
 .text.__wrap_sinf
                0x00000000100046f4       0x24 CMakeFiles/pico_inference_app.dir/home/sakib/working_dir/railcop/pico/pico-sdk/src/rp2_common/pico_float/float_aeabi.S.obj
                0x00000000100046f4                __wrap_sinf
 .text.__wrap_expf
                0x0000000010004718        0xc CMakeFiles/pico_inference_app.dir/home/sakib/working_dir/railcop/pico/pico-sdk/src/rp2_common/pico_float/float_aeabi.S.obj
                0x0000000010004718                __wrap_expf
 .text.__wrap_logf
                0x0000000010004724        0xc CMakeFiles/pico_inference_app.dir/home/sakib/working_dir/railcop/pico/pico-sdk/src/rp2_common/pico_float/float_aeabi.S.obj
                0x0000000010004724                __wrap_logf
 .text.__aeabi_float_init
                0x0000000010004730       0x64 CMakeFiles/pico_inference_app.dir/home/sakib/working_dir/railcop/pico/pico-sdk/src/rp2_common/pico_float/float_init_rom.c.obj
                0x0000000010004730                __aeabi_float_init
 .text.__wrap_roundf
                0x0000000010004794       0x3c CMakeFiles/pico_inference_app.dir/home/sakib/working_dir/railcop/pico/pico-sdk/src/rp2_common/pico_float/float_math.c.obj
                0x0000000010004794                __wrap_roundf
 .text.__wrap_floorf
                0x00000000100047d0       0x40 CMakeFiles/pico_inference_app.dir/home/sakib/working_dir/railcop/pico/pico-sdk/src/rp2_common/pico_float/float_math.c.obj
                0x00000000100047d0                __wrap_floorf
 .text.__wrap_ceilf
                0x0000000010004810       0x40 CMakeFiles/pico_inference_app.dir/home/sakib/working_dir/railcop/pico/pico-sdk/src/rp2_common/pico_float/float_math.c.obj
                0x0000000010004810                __wrap_ceilf
 .text.__wrap_tanhf
                0x0000000010004850       0x4c CMakeFiles/pico_inference_app.dir/home/sakib/working_dir/railcop/pico/pico-sdk/src/rp2_common/pico_float/float_math.c.obj
                0x0000000010004850                __wrap_tanhf
 .text.__wrap_remquof
                0x000000001000489c      0x148 CMakeFiles/pico_inference_app.dir/home/sakib/working_dir/railcop/pico/pico-sdk/src/rp2_common/pico_float/float_math.c.obj
                0x000000001000489c                __wrap_remquof
 .text.__wrap_remainderf
                0x00000000100049e4        0xc CMakeFiles/pico_inference_app.dir/home/sakib/working_dir/railcop/pico/pico-sdk/src/rp2_common/pico_float/float_math.c.obj
                0x00000000100049e4                __wrap_remainderf
 .text.float_table_shim_on_use_helper
                0x00000000100049f0       0x2c CMakeFiles/pico_inference_app.dir/home/sakib/working_dir/railcop/pico/pico-sdk/src/rp2_common/pico_float/float_v1_rom_shim.S.obj
                0x00000000100049f0                float_table_shim_on_use_helper
 .text.float232_shims
                0x0000000010004a1c       0x18 CMakeFiles/pico_inference_app.dir/home/sakib/working_dir/railcop/pico/pico-sdk/src/rp2_common/pico_float/float_v1_rom_shim.S.obj
                0x0000000010004a1c                float2int_shim
                0x0000000010004a1e                float2fix_shim
 .text.float2double_shim
                0x0000000010004a34       0x30 CMakeFiles/pico_inference_app.dir/home/sakib/working_dir/railcop/pico/pico-sdk/src/rp2_common/pico_float/float_v1_rom_shim.S.obj
                0x0000000010004a34                float2double_shim
 .text.__wrap_malloc
                0x0000000010004a64       0x24 CMakeFiles/pico_inference_app.dir/home/sakib/working_dir/railcop/pico/pico-sdk/src/rp2_common/pico_malloc/pico_malloc.c.obj
                0x0000000010004a64                __wrap_malloc
 .text          0x0000000010004a88       0x10 CMakeFiles/pico_inference_app.dir/home/sakib/working_dir/railcop/pico/pico-sdk/src/rp2_common/pico_mem_ops/mem_ops_aeabi.S.obj
                0x0000000010004a88                __aeabi_mem_init
 .text.memset   0x0000000010004a98        0xc CMakeFiles/pico_inference_app.dir/home/sakib/working_dir/railcop/pico/pico-sdk/src/rp2_common/pico_mem_ops/mem_ops_aeabi.S.obj
                0x0000000010004a98                __wrap_memset
 .text.memcpy   0x0000000010004aa4        0xc CMakeFiles/pico_inference_app.dir/home/sakib/working_dir/railcop/pico/pico-sdk/src/rp2_common/pico_mem_ops/mem_ops_aeabi.S.obj
                0x0000000010004aa4                __wrap___aeabi_memcpy
                0x0000000010004aa4                __wrap_memcpy
 .text.stdio_out_chars_no_crlf
                0x0000000010004ab0       0x10 CMakeFiles/pico_inference_app.dir/home/sakib/working_dir/railcop/pico/pico-sdk/src/rp2_common/pico_stdio/stdio.c.obj
 .text.stdio_out_chars_crlf
                0x0000000010004ac0       0x94 CMakeFiles/pico_inference_app.dir/home/sakib/working_dir/railcop/pico/pico-sdk/src/rp2_common/pico_stdio/stdio.c.obj
 .text.stdio_buffered_printer
                0x0000000010004b54       0x64 CMakeFiles/pico_inference_app.dir/home/sakib/working_dir/railcop/pico/pico-sdk/src/rp2_common/pico_stdio/stdio.c.obj
 .text.stdio_put_string
                0x0000000010004bb8      0x100 CMakeFiles/pico_inference_app.dir/home/sakib/working_dir/railcop/pico/pico-sdk/src/rp2_common/pico_stdio/stdio.c.obj
 .text.__wrap_putchar
                0x0000000010004cb8       0xa4 CMakeFiles/pico_inference_app.dir/home/sakib/working_dir/railcop/pico/pico-sdk/src/rp2_common/pico_stdio/stdio.c.obj
                0x0000000010004cb8                __wrap_putchar
 .text.__wrap_puts
                0x0000000010004d5c       0x3c CMakeFiles/pico_inference_app.dir/home/sakib/working_dir/railcop/pico/pico-sdk/src/rp2_common/pico_stdio/stdio.c.obj
                0x0000000010004d5c                __wrap_puts
 .text.stdio_set_driver_enabled
                0x0000000010004d98       0x3c CMakeFiles/pico_inference_app.dir/home/sakib/working_dir/railcop/pico/pico-sdk/src/rp2_common/pico_stdio/stdio.c.obj
                0x0000000010004d98                stdio_set_driver_enabled
 .text.__wrap_vprintf
                0x0000000010004dd4       0xd8 CMakeFiles/pico_inference_app.dir/home/sakib/working_dir/railcop/pico/pico-sdk/src/rp2_common/pico_stdio/stdio.c.obj
                0x0000000010004dd4                __wrap_vprintf
 .text.__wrap_printf
                0x0000000010004eac       0x18 CMakeFiles/pico_inference_app.dir/home/sakib/working_dir/railcop/pico/pico-sdk/src/rp2_common/pico_stdio/stdio.c.obj
                0x0000000010004eac                __wrap_printf
 .text.stdio_init_all
                0x0000000010004ec4        0x8 CMakeFiles/pico_inference_app.dir/home/sakib/working_dir/railcop/pico/pico-sdk/src/rp2_common/pico_stdio/stdio.c.obj
                0x0000000010004ec4                stdio_init_all
 .text.resetd_init
                0x0000000010004ecc        0x4 CMakeFiles/pico_inference_app.dir/home/sakib/working_dir/railcop/pico/pico-sdk/src/rp2_common/pico_stdio_usb/reset_interface.c.obj
 .text.resetd_reset
                0x0000000010004ed0        0xc CMakeFiles/pico_inference_app.dir/home/sakib/working_dir/railcop/pico/pico-sdk/src/rp2_common/pico_stdio_usb/reset_interface.c.obj
 .text.resetd_open
                0x0000000010004edc       0x28 CMakeFiles/pico_inference_app.dir/home/sakib/working_dir/railcop/pico/pico-sdk/src/rp2_common/pico_stdio_usb/reset_interface.c.obj
 .text.resetd_xfer_cb
                0x0000000010004f04        0x4 CMakeFiles/pico_inference_app.dir/home/sakib/working_dir/railcop/pico/pico-sdk/src/rp2_common/pico_stdio_usb/reset_interface.c.obj
 .text.resetd_control_xfer_cb
                0x0000000010004f08       0x64 CMakeFiles/pico_inference_app.dir/home/sakib/working_dir/railcop/pico/pico-sdk/src/rp2_common/pico_stdio_usb/reset_interface.c.obj
 .text.usbd_app_driver_get_cb
                0x0000000010004f6c        0xc CMakeFiles/pico_inference_app.dir/home/sakib/working_dir/railcop/pico/pico-sdk/src/rp2_common/pico_stdio_usb/reset_interface.c.obj
                0x0000000010004f6c                usbd_app_driver_get_cb
 .text.tud_cdc_line_coding_cb
                0x0000000010004f78       0x34 CMakeFiles/pico_inference_app.dir/home/sakib/working_dir/railcop/pico/pico-sdk/src/rp2_common/pico_stdio_usb/reset_interface.c.obj
                0x0000000010004f78                tud_cdc_line_coding_cb
 .text.stdio_usb_in_chars
                0x0000000010004fac       0x68 CMakeFiles/pico_inference_app.dir/home/sakib/working_dir/railcop/pico/pico-sdk/src/rp2_common/pico_stdio_usb/stdio_usb.c.obj
                0x0000000010004fac                stdio_usb_in_chars
 .text.stdio_usb_out_chars
                0x0000000010005014       0xec CMakeFiles/pico_inference_app.dir/home/sakib/working_dir/railcop/pico/pico-sdk/src/rp2_common/pico_stdio_usb/stdio_usb.c.obj
 .text.timer_task
                0x0000000010005100       0x10 CMakeFiles/pico_inference_app.dir/home/sakib/working_dir/railcop/pico/pico-sdk/src/rp2_common/pico_stdio_usb/stdio_usb.c.obj
 .text.low_priority_worker_irq
                0x0000000010005110       0x24 CMakeFiles/pico_inference_app.dir/home/sakib/working_dir/railcop/pico/pico-sdk/src/rp2_common/pico_stdio_usb/stdio_usb.c.obj
 .text.stdio_usb_init
                0x0000000010005134       0x90 CMakeFiles/pico_inference_app.dir/home/sakib/working_dir/railcop/pico/pico-sdk/src/rp2_common/pico_stdio_usb/stdio_usb.c.obj
                0x0000000010005134                stdio_usb_init
 .text.tud_descriptor_device_cb
                0x00000000100051c4        0x8 CMakeFiles/pico_inference_app.dir/home/sakib/working_dir/railcop/pico/pico-sdk/src/rp2_common/pico_stdio_usb/stdio_usb_descriptors.c.obj
                0x00000000100051c4                tud_descriptor_device_cb
 .text.tud_descriptor_configuration_cb
                0x00000000100051cc        0x8 CMakeFiles/pico_inference_app.dir/home/sakib/working_dir/railcop/pico/pico-sdk/src/rp2_common/pico_stdio_usb/stdio_usb_descriptors.c.obj
                0x00000000100051cc                tud_descriptor_configuration_cb
 .text.tud_descriptor_string_cb
                0x00000000100051d4       0x70 CMakeFiles/pico_inference_app.dir/home/sakib/working_dir/railcop/pico/pico-sdk/src/rp2_common/pico_stdio_usb/stdio_usb_descriptors.c.obj
                0x00000000100051d4                tud_descriptor_string_cb
 .text.dcd_rp2040_irq
                0x0000000010005244      0x21c CMakeFiles/pico_inference_app.dir/home/sakib/working_dir/railcop/pico/pico-sdk/lib/tinyusb/src/portable/raspberrypi/rp2040/dcd_rp2040.c.obj
 .text.dcd_int_enable
                0x0000000010005460        0xc CMakeFiles/pico_inference_app.dir/home/sakib/working_dir/railcop/pico/pico-sdk/lib/tinyusb/src/portable/raspberrypi/rp2040/dcd_rp2040.c.obj
                0x0000000010005460                dcd_int_enable
 .text.dcd_set_address
                0x000000001000546c       0x14 CMakeFiles/pico_inference_app.dir/home/sakib/working_dir/railcop/pico/pico-sdk/lib/tinyusb/src/portable/raspberrypi/rp2040/dcd_rp2040.c.obj
                0x000000001000546c                dcd_set_address
 .text.dcd_connect
                0x0000000010005480       0x10 CMakeFiles/pico_inference_app.dir/home/sakib/working_dir/railcop/pico/pico-sdk/lib/tinyusb/src/portable/raspberrypi/rp2040/dcd_rp2040.c.obj
                0x0000000010005480                dcd_connect
 .text.dcd_init
                0x0000000010005490      0x148 CMakeFiles/pico_inference_app.dir/home/sakib/working_dir/railcop/pico/pico-sdk/lib/tinyusb/src/portable/raspberrypi/rp2040/dcd_rp2040.c.obj
                0x0000000010005490                dcd_init
 .text.dcd_edpt0_status_complete
                0x00000000100055d8       0x1c CMakeFiles/pico_inference_app.dir/home/sakib/working_dir/railcop/pico/pico-sdk/lib/tinyusb/src/portable/raspberrypi/rp2040/dcd_rp2040.c.obj
                0x00000000100055d8                dcd_edpt0_status_complete
 .text.dcd_edpt_open
                0x00000000100055f4       0xf0 CMakeFiles/pico_inference_app.dir/home/sakib/working_dir/railcop/pico/pico-sdk/lib/tinyusb/src/portable/raspberrypi/rp2040/dcd_rp2040.c.obj
                0x00000000100055f4                dcd_edpt_open
 .text.dcd_edpt_close_all
                0x00000000100056e4       0xbc CMakeFiles/pico_inference_app.dir/home/sakib/working_dir/railcop/pico/pico-sdk/lib/tinyusb/src/portable/raspberrypi/rp2040/dcd_rp2040.c.obj
                0x00000000100056e4                dcd_edpt_close_all
 .text.dcd_edpt_xfer
                0x00000000100057a0       0x24 CMakeFiles/pico_inference_app.dir/home/sakib/working_dir/railcop/pico/pico-sdk/lib/tinyusb/src/portable/raspberrypi/rp2040/dcd_rp2040.c.obj
                0x00000000100057a0                dcd_edpt_xfer
 .text.dcd_edpt_stall
                0x00000000100057c4       0x38 CMakeFiles/pico_inference_app.dir/home/sakib/working_dir/railcop/pico/pico-sdk/lib/tinyusb/src/portable/raspberrypi/rp2040/dcd_rp2040.c.obj
                0x00000000100057c4                dcd_edpt_stall
 .text.dcd_edpt_clear_stall
                0x00000000100057fc       0x30 CMakeFiles/pico_inference_app.dir/home/sakib/working_dir/railcop/pico/pico-sdk/lib/tinyusb/src/portable/raspberrypi/rp2040/dcd_rp2040.c.obj
                0x00000000100057fc                dcd_edpt_clear_stall
 .text._hw_endpoint_buffer_control_update32.part.0
                0x000000001000582c       0x20 CMakeFiles/pico_inference_app.dir/home/sakib/working_dir/railcop/pico/pico-sdk/lib/tinyusb/src/portable/raspberrypi/rp2040/rp2040_usb.c.obj
 .text.rp2040_usb_init
                0x000000001000584c       0x4c CMakeFiles/pico_inference_app.dir/home/sakib/working_dir/railcop/pico/pico-sdk/lib/tinyusb/src/portable/raspberrypi/rp2040/rp2040_usb.c.obj
                0x000000001000584c                rp2040_usb_init
 .text.hw_endpoint_reset_transfer
                0x0000000010005898        0xc CMakeFiles/pico_inference_app.dir/home/sakib/working_dir/railcop/pico/pico-sdk/lib/tinyusb/src/portable/raspberrypi/rp2040/rp2040_usb.c.obj
                0x0000000010005898                hw_endpoint_reset_transfer
 .text._hw_endpoint_buffer_control_update32
                0x00000000100058a4       0x40 CMakeFiles/pico_inference_app.dir/home/sakib/working_dir/railcop/pico/pico-sdk/lib/tinyusb/src/portable/raspberrypi/rp2040/rp2040_usb.c.obj
                0x00000000100058a4                _hw_endpoint_buffer_control_update32
 .text.hw_endpoint_xfer_start
                0x00000000100058e4      0x138 CMakeFiles/pico_inference_app.dir/home/sakib/working_dir/railcop/pico/pico-sdk/lib/tinyusb/src/portable/raspberrypi/rp2040/rp2040_usb.c.obj
                0x00000000100058e4                hw_endpoint_xfer_start
 .text.hw_endpoint_xfer_continue
                0x0000000010005a1c      0x1e4 CMakeFiles/pico_inference_app.dir/home/sakib/working_dir/railcop/pico/pico-sdk/lib/tinyusb/src/portable/raspberrypi/rp2040/rp2040_usb.c.obj
                0x0000000010005a1c                hw_endpoint_xfer_continue
 .text.tud_mounted
                0x0000000010005c00       0x10 CMakeFiles/pico_inference_app.dir/home/sakib/working_dir/railcop/pico/pico-sdk/lib/tinyusb/src/device/usbd.c.obj
                0x0000000010005c00                tud_mounted
 .text.tud_suspended
                0x0000000010005c10       0x10 CMakeFiles/pico_inference_app.dir/home/sakib/working_dir/railcop/pico/pico-sdk/lib/tinyusb/src/device/usbd.c.obj
                0x0000000010005c10                tud_suspended
 .text.tud_inited
                0x0000000010005c20        0xc CMakeFiles/pico_inference_app.dir/home/sakib/working_dir/railcop/pico/pico-sdk/lib/tinyusb/src/device/usbd.c.obj
                0x0000000010005c20                tud_inited
 .text.tud_init
                0x0000000010005c2c       0xd8 CMakeFiles/pico_inference_app.dir/home/sakib/working_dir/railcop/pico/pico-sdk/lib/tinyusb/src/device/usbd.c.obj
                0x0000000010005c2c                tud_init
 .text.tud_task
                0x0000000010005d04      0x8ec CMakeFiles/pico_inference_app.dir/home/sakib/working_dir/railcop/pico/pico-sdk/lib/tinyusb/src/device/usbd.c.obj
                0x0000000010005d04                tud_task
 .text.dcd_event_bus_signal
                0x00000000100065f0      0x120 CMakeFiles/pico_inference_app.dir/home/sakib/working_dir/railcop/pico/pico-sdk/lib/tinyusb/src/device/usbd.c.obj
                0x00000000100065f0                dcd_event_bus_signal
 .text.dcd_event_bus_reset
                0x0000000010006710       0x54 CMakeFiles/pico_inference_app.dir/home/sakib/working_dir/railcop/pico/pico-sdk/lib/tinyusb/src/device/usbd.c.obj
                0x0000000010006710                dcd_event_bus_reset
 .text.dcd_event_setup_received
                0x0000000010006764       0x50 CMakeFiles/pico_inference_app.dir/home/sakib/working_dir/railcop/pico/pico-sdk/lib/tinyusb/src/device/usbd.c.obj
                0x0000000010006764                dcd_event_setup_received
 .text.dcd_event_xfer_complete
                0x00000000100067b4       0x68 CMakeFiles/pico_inference_app.dir/home/sakib/working_dir/railcop/pico/pico-sdk/lib/tinyusb/src/device/usbd.c.obj
                0x00000000100067b4                dcd_event_xfer_complete
 .text.usbd_open_edpt_pair
                0x000000001000681c       0x80 CMakeFiles/pico_inference_app.dir/home/sakib/working_dir/railcop/pico/pico-sdk/lib/tinyusb/src/device/usbd.c.obj
                0x000000001000681c                usbd_open_edpt_pair
 .text.usbd_edpt_open
                0x000000001000689c       0x30 CMakeFiles/pico_inference_app.dir/home/sakib/working_dir/railcop/pico/pico-sdk/lib/tinyusb/src/device/usbd.c.obj
                0x000000001000689c                usbd_edpt_open
 .text.usbd_edpt_claim
                0x00000000100068cc       0x64 CMakeFiles/pico_inference_app.dir/home/sakib/working_dir/railcop/pico/pico-sdk/lib/tinyusb/src/device/usbd.c.obj
                0x00000000100068cc                usbd_edpt_claim
 .text.usbd_edpt_release
                0x0000000010006930       0x4c CMakeFiles/pico_inference_app.dir/home/sakib/working_dir/railcop/pico/pico-sdk/lib/tinyusb/src/device/usbd.c.obj
                0x0000000010006930                usbd_edpt_release
 .text.usbd_edpt_xfer
                0x000000001000697c       0x48 CMakeFiles/pico_inference_app.dir/home/sakib/working_dir/railcop/pico/pico-sdk/lib/tinyusb/src/device/usbd.c.obj
                0x000000001000697c                usbd_edpt_xfer
 .text.tud_control_status
                0x00000000100069c4       0x30 CMakeFiles/pico_inference_app.dir/home/sakib/working_dir/railcop/pico/pico-sdk/lib/tinyusb/src/device/usbd_control.c.obj
                0x00000000100069c4                tud_control_status
 .text.tud_control_xfer
                0x00000000100069f4       0xb8 CMakeFiles/pico_inference_app.dir/home/sakib/working_dir/railcop/pico/pico-sdk/lib/tinyusb/src/device/usbd_control.c.obj
                0x00000000100069f4                tud_control_xfer
 .text.usbd_control_reset
                0x0000000010006aac       0x14 CMakeFiles/pico_inference_app.dir/home/sakib/working_dir/railcop/pico/pico-sdk/lib/tinyusb/src/device/usbd_control.c.obj
                0x0000000010006aac                usbd_control_reset
 .text.usbd_control_set_complete_callback
                0x0000000010006ac0        0xc CMakeFiles/pico_inference_app.dir/home/sakib/working_dir/railcop/pico/pico-sdk/lib/tinyusb/src/device/usbd_control.c.obj
                0x0000000010006ac0                usbd_control_set_complete_callback
 .text.usbd_control_set_request
                0x0000000010006acc       0x1c CMakeFiles/pico_inference_app.dir/home/sakib/working_dir/railcop/pico/pico-sdk/lib/tinyusb/src/device/usbd_control.c.obj
                0x0000000010006acc                usbd_control_set_request
 .text.usbd_control_xfer_cb
                0x0000000010006ae8       0xf8 CMakeFiles/pico_inference_app.dir/home/sakib/working_dir/railcop/pico/pico-sdk/lib/tinyusb/src/device/usbd_control.c.obj
                0x0000000010006ae8                usbd_control_xfer_cb
 .text.tud_cdc_n_connected
                0x0000000010006be0       0x30 CMakeFiles/pico_inference_app.dir/home/sakib/working_dir/railcop/pico/pico-sdk/lib/tinyusb/src/class/cdc/cdc_device.c.obj
                0x0000000010006be0                tud_cdc_n_connected
 .text.tud_cdc_n_available
                0x0000000010006c10       0x18 CMakeFiles/pico_inference_app.dir/home/sakib/working_dir/railcop/pico/pico-sdk/lib/tinyusb/src/class/cdc/cdc_device.c.obj
                0x0000000010006c10                tud_cdc_n_available
 .text.tud_cdc_n_read
                0x0000000010006c28       0x70 CMakeFiles/pico_inference_app.dir/home/sakib/working_dir/railcop/pico/pico-sdk/lib/tinyusb/src/class/cdc/cdc_device.c.obj
                0x0000000010006c28                tud_cdc_n_read
 .text.tud_cdc_n_write_flush
                0x0000000010006c98       0x78 CMakeFiles/pico_inference_app.dir/home/sakib/working_dir/railcop/pico/pico-sdk/lib/tinyusb/src/class/cdc/cdc_device.c.obj
                0x0000000010006c98                tud_cdc_n_write_flush
 .text.tud_cdc_n_write
                0x0000000010006d10       0x34 CMakeFiles/pico_inference_app.dir/home/sakib/working_dir/railcop/pico/pico-sdk/lib/tinyusb/src/class/cdc/cdc_device.c.obj
                0x0000000010006d10                tud_cdc_n_write
 .text.tud_cdc_n_write_available
                0x0000000010006d44       0x18 CMakeFiles/pico_inference_app.dir/home/sakib/working_dir/railcop/pico/pico-sdk/lib/tinyusb/src/class/cdc/cdc_device.c.obj
                0x0000000010006d44                tud_cdc_n_write_available
 .text.cdcd_init
                0x0000000010006d5c       0x7c CMakeFiles/pico_inference_app.dir/home/sakib/working_dir/railcop/pico/pico-sdk/lib/tinyusb/src/class/cdc/cdc_device.c.obj
                0x0000000010006d5c                cdcd_init
 .text.cdcd_reset
                0x0000000010006dd8       0x2c CMakeFiles/pico_inference_app.dir/home/sakib/working_dir/railcop/pico/pico-sdk/lib/tinyusb/src/class/cdc/cdc_device.c.obj
                0x0000000010006dd8                cdcd_reset
 .text.cdcd_open
                0x0000000010006e04       0xe4 CMakeFiles/pico_inference_app.dir/home/sakib/working_dir/railcop/pico/pico-sdk/lib/tinyusb/src/class/cdc/cdc_device.c.obj
                0x0000000010006e04                cdcd_open
 .text.cdcd_control_xfer_cb
                0x0000000010006ee8       0xe4 CMakeFiles/pico_inference_app.dir/home/sakib/working_dir/railcop/pico/pico-sdk/lib/tinyusb/src/class/cdc/cdc_device.c.obj
                0x0000000010006ee8                cdcd_control_xfer_cb
 .text.cdcd_xfer_cb
                0x0000000010006fcc      0x198 CMakeFiles/pico_inference_app.dir/home/sakib/working_dir/railcop/pico/pico-sdk/lib/tinyusb/src/class/cdc/cdc_device.c.obj
                0x0000000010006fcc                cdcd_xfer_cb
 .text.tusb_init
                0x0000000010007164        0xc CMakeFiles/pico_inference_app.dir/home/sakib/working_dir/railcop/pico/pico-sdk/lib/tinyusb/src/tusb.c.obj
                0x0000000010007164                tusb_init
 .text.tusb_inited
                0x0000000010007170        0x8 CMakeFiles/pico_inference_app.dir/home/sakib/working_dir/railcop/pico/pico-sdk/lib/tinyusb/src/tusb.c.obj
                0x0000000010007170                tusb_inited
 .text.tu_edpt_validate
                0x0000000010007178       0x78 CMakeFiles/pico_inference_app.dir/home/sakib/working_dir/railcop/pico/pico-sdk/lib/tinyusb/src/tusb.c.obj
                0x0000000010007178                tu_edpt_validate
 .text.tu_edpt_bind_driver
                0x00000000100071f0       0x2c CMakeFiles/pico_inference_app.dir/home/sakib/working_dir/railcop/pico/pico-sdk/lib/tinyusb/src/tusb.c.obj
                0x00000000100071f0                tu_edpt_bind_driver
 .text.tu_fifo_config
                0x000000001000721c       0x78 CMakeFiles/pico_inference_app.dir/home/sakib/working_dir/railcop/pico/pico-sdk/lib/tinyusb/src/common/tusb_fifo.c.obj
                0x000000001000721c                tu_fifo_config
 .text.tu_fifo_count
                0x0000000010007294       0x20 CMakeFiles/pico_inference_app.dir/home/sakib/working_dir/railcop/pico/pico-sdk/lib/tinyusb/src/common/tusb_fifo.c.obj
                0x0000000010007294                tu_fifo_count
 .text.tu_fifo_empty
                0x00000000100072b4       0x10 CMakeFiles/pico_inference_app.dir/home/sakib/working_dir/railcop/pico/pico-sdk/lib/tinyusb/src/common/tusb_fifo.c.obj
                0x00000000100072b4                tu_fifo_empty
 .text.tu_fifo_remaining
                0x00000000100072c4       0x1c CMakeFiles/pico_inference_app.dir/home/sakib/working_dir/railcop/pico/pico-sdk/lib/tinyusb/src/common/tusb_fifo.c.obj
                0x00000000100072c4                tu_fifo_remaining
 .text.tu_fifo_read
                0x00000000100072e0       0x9c CMakeFiles/pico_inference_app.dir/home/sakib/working_dir/railcop/pico/pico-sdk/lib/tinyusb/src/common/tusb_fifo.c.obj
                0x00000000100072e0                tu_fifo_read
 .text.tu_fifo_read_n
                0x000000001000737c      0x100 CMakeFiles/pico_inference_app.dir/home/sakib/working_dir/railcop/pico/pico-sdk/lib/tinyusb/src/common/tusb_fifo.c.obj
                0x000000001000737c                tu_fifo_read_n
 .text.tu_fifo_write
                0x000000001000747c       0x7c CMakeFiles/pico_inference_app.dir/home/sakib/working_dir/railcop/pico/pico-sdk/lib/tinyusb/src/common/tusb_fifo.c.obj
                0x000000001000747c                tu_fifo_write
 .text.tu_fifo_write_n
                0x00000000100074f8       0xf8 CMakeFiles/pico_inference_app.dir/home/sakib/working_dir/railcop/pico/pico-sdk/lib/tinyusb/src/common/tusb_fifo.c.obj
                0x00000000100074f8                tu_fifo_write_n
 .text.tu_fifo_clear
                0x00000000100075f0       0x4c CMakeFiles/pico_inference_app.dir/home/sakib/working_dir/railcop/pico/pico-sdk/lib/tinyusb/src/common/tusb_fifo.c.obj
                0x00000000100075f0                tu_fifo_clear
 .text.tu_fifo_set_overwritable
                0x000000001000763c       0x3c CMakeFiles/pico_inference_app.dir/home/sakib/working_dir/railcop/pico/pico-sdk/lib/tinyusb/src/common/tusb_fifo.c.obj
                0x000000001000763c                tu_fifo_set_overwritable
 .text.startup._retrieve_unique_id_on_boot
                0x0000000010007678       0x10 CMakeFiles/pico_inference_app.dir/home/sakib/working_dir/railcop/pico/pico-sdk/src/rp2_common/pico_unique_id/unique_id.c.obj
 .text.pico_get_unique_board_id_string
                0x0000000010007688      0x1bc CMakeFiles/pico_inference_app.dir/home/sakib/working_dir/railcop/pico/pico-sdk/src/rp2_common/pico_unique_id/unique_id.c.obj
                0x0000000010007688                pico_get_unique_board_id_string
 .text.flash_get_unique_id
                0x0000000010007844       0x40 CMakeFiles/pico_inference_app.dir/home/sakib/working_dir/railcop/pico/pico-sdk/src/rp2_common/hardware_flash/flash.c.obj
                0x0000000010007844                flash_get_unique_id
 .text.TfLiteIntArrayGetSizeInBytes
                0x0000000010007884        0x8 CMakeFiles/pico_inference_app.dir/lib/pico-tflmicro/src/tensorflow/lite/c/common.c.obj
                0x0000000010007884                TfLiteIntArrayGetSizeInBytes
 .text.TfLiteIntArrayEqual
                0x000000001000788c       0x3c CMakeFiles/pico_inference_app.dir/lib/pico-tflmicro/src/tensorflow/lite/c/common.c.obj
                0x000000001000788c                TfLiteIntArrayEqual
 .text.TfLiteTypeGetName
                0x00000000100078c8       0x18 CMakeFiles/pico_inference_app.dir/lib/pico-tflmicro/src/tensorflow/lite/c/common.c.obj
                0x00000000100078c8                TfLiteTypeGetName
 .text._ZN6tflite13ErrorReporter6ReportEPKcz
                0x00000000100078e0       0x1c CMakeFiles/pico_inference_app.dir/lib/pico-tflmicro/src/tensorflow/lite/core/api/error_reporter.cpp.obj
                0x00000000100078e0                tflite::ErrorReporter::Report(char const*, ...)
 .text._ZN6tflite13ErrorReporter11ReportErrorEPvPKcz
                0x00000000100078fc       0x1c CMakeFiles/pico_inference_app.dir/lib/pico-tflmicro/src/tensorflow/lite/core/api/error_reporter.cpp.obj
                0x00000000100078fc                tflite::ErrorReporter::ReportError(void*, char const*, ...)
 .text._ZN6tflite17ConvertTensorTypeENS_10TensorTypeEP10TfLiteTypePNS_13ErrorReporterE
                0x0000000010007918       0x90 CMakeFiles/pico_inference_app.dir/lib/pico-tflmicro/src/tensorflow/lite/core/api/flatbuffer_conversions.cpp.obj
                0x0000000010007918                tflite::ConvertTensorType(tflite::TensorType, TfLiteType*, tflite::ErrorReporter*)
 .text._ZN6tflite8ParseAbsEPKNS_8OperatorEPNS_13ErrorReporterEPNS_20BuiltinDataAllocatorEPPv
                0x00000000100079a8        0x4 CMakeFiles/pico_inference_app.dir/lib/pico-tflmicro/src/tensorflow/lite/core/api/flatbuffer_conversions.cpp.obj
                0x00000000100079a8                tflite::ParseAbs(tflite::Operator const*, tflite::ErrorReporter*, tflite::BuiltinDataAllocator*, void**)
 .text._ZN6tflite8ParseAddEPKNS_8OperatorEPNS_13ErrorReporterEPNS_20BuiltinDataAllocatorEPPv
                0x00000000100079ac       0xa0 CMakeFiles/pico_inference_app.dir/lib/pico-tflmicro/src/tensorflow/lite/core/api/flatbuffer_conversions.cpp.obj
                0x00000000100079ac                tflite::ParseAdd(tflite::Operator const*, tflite::ErrorReporter*, tflite::BuiltinDataAllocator*, void**)
 .text._ZN6tflite11ParseArgMaxEPKNS_8OperatorEPNS_13ErrorReporterEPNS_20BuiltinDataAllocatorEPPv
                0x0000000010007a4c       0xe0 CMakeFiles/pico_inference_app.dir/lib/pico-tflmicro/src/tensorflow/lite/core/api/flatbuffer_conversions.cpp.obj
                0x0000000010007a4c                tflite::ParseArgMax(tflite::Operator const*, tflite::ErrorReporter*, tflite::BuiltinDataAllocator*, void**)
 .text._ZN6tflite11ParseArgMinEPKNS_8OperatorEPNS_13ErrorReporterEPNS_20BuiltinDataAllocatorEPPv
                0x0000000010007b2c       0xe0 CMakeFiles/pico_inference_app.dir/lib/pico-tflmicro/src/tensorflow/lite/core/api/flatbuffer_conversions.cpp.obj
                0x0000000010007b2c                tflite::ParseArgMin(tflite::Operator const*, tflite::ErrorReporter*, tflite::BuiltinDataAllocator*, void**)
 .text._ZN6tflite9ParseCeilEPKNS_8OperatorEPNS_13ErrorReporterEPNS_20BuiltinDataAllocatorEPPv
                0x0000000010007c0c        0x4 CMakeFiles/pico_inference_app.dir/lib/pico-tflmicro/src/tensorflow/lite/core/api/flatbuffer_conversions.cpp.obj
                0x0000000010007c0c                tflite::ParseCeil(tflite::Operator const*, tflite::ErrorReporter*, tflite::BuiltinDataAllocator*, void**)
 .text._ZN6tflite18ParseConcatenationEPKNS_8OperatorEPNS_13ErrorReporterEPNS_20BuiltinDataAllocatorEPPv
                0x0000000010007c10       0x74 CMakeFiles/pico_inference_app.dir/lib/pico-tflmicro/src/tensorflow/lite/core/api/flatbuffer_conversions.cpp.obj
                0x0000000010007c10                tflite::ParseConcatenation(tflite::Operator const*, tflite::ErrorReporter*, tflite::BuiltinDataAllocator*, void**)
 .text._ZN6tflite11ParseConv2DEPKNS_8OperatorEPNS_13ErrorReporterEPNS_20BuiltinDataAllocatorEPPv
                0x0000000010007c84       0xfc CMakeFiles/pico_inference_app.dir/lib/pico-tflmicro/src/tensorflow/lite/core/api/flatbuffer_conversions.cpp.obj
                0x0000000010007c84                tflite::ParseConv2D(tflite::Operator const*, tflite::ErrorReporter*, tflite::BuiltinDataAllocator*, void**)
 .text._ZN6tflite8ParseCosEPKNS_8OperatorEPNS_13ErrorReporterEPNS_20BuiltinDataAllocatorEPPv
                0x0000000010007d80        0x4 CMakeFiles/pico_inference_app.dir/lib/pico-tflmicro/src/tensorflow/lite/core/api/flatbuffer_conversions.cpp.obj
                0x0000000010007d80                tflite::ParseCos(tflite::Operator const*, tflite::ErrorReporter*, tflite::BuiltinDataAllocator*, void**)
 .text._ZN6tflite20ParseDepthwiseConv2DEPKNS_8OperatorEPNS_13ErrorReporterEPNS_20BuiltinDataAllocatorEPPv
                0x0000000010007d84      0x118 CMakeFiles/pico_inference_app.dir/lib/pico-tflmicro/src/tensorflow/lite/core/api/flatbuffer_conversions.cpp.obj
                0x0000000010007d84                tflite::ParseDepthwiseConv2D(tflite::Operator const*, tflite::ErrorReporter*, tflite::BuiltinDataAllocator*, void**)
 .text._ZN6tflite15ParseDequantizeEPKNS_8OperatorEPNS_13ErrorReporterEPNS_20BuiltinDataAllocatorEPPv
                0x0000000010007e9c        0x4 CMakeFiles/pico_inference_app.dir/lib/pico-tflmicro/src/tensorflow/lite/core/api/flatbuffer_conversions.cpp.obj
                0x0000000010007e9c                tflite::ParseDequantize(tflite::Operator const*, tflite::ErrorReporter*, tflite::BuiltinDataAllocator*, void**)
 .text._ZN6tflite10ParseEqualEPKNS_8OperatorEPNS_13ErrorReporterEPNS_20BuiltinDataAllocatorEPPv
                0x0000000010007ea0        0x4 CMakeFiles/pico_inference_app.dir/lib/pico-tflmicro/src/tensorflow/lite/core/api/flatbuffer_conversions.cpp.obj
                0x0000000010007ea0                tflite::ParseEqual(tflite::Operator const*, tflite::ErrorReporter*, tflite::BuiltinDataAllocator*, void**)
 .text._ZN6tflite10ParseFloorEPKNS_8OperatorEPNS_13ErrorReporterEPNS_20BuiltinDataAllocatorEPPv
                0x0000000010007ea4        0x4 CMakeFiles/pico_inference_app.dir/lib/pico-tflmicro/src/tensorflow/lite/core/api/flatbuffer_conversions.cpp.obj
                0x0000000010007ea4                tflite::ParseFloor(tflite::Operator const*, tflite::ErrorReporter*, tflite::BuiltinDataAllocator*, void**)
 .text._ZN6tflite19ParseFullyConnectedEPKNS_8OperatorEPNS_13ErrorReporterEPNS_20BuiltinDataAllocatorEPPv
                0x0000000010007ea8      0x114 CMakeFiles/pico_inference_app.dir/lib/pico-tflmicro/src/tensorflow/lite/core/api/flatbuffer_conversions.cpp.obj
                0x0000000010007ea8                tflite::ParseFullyConnected(tflite::Operator const*, tflite::ErrorReporter*, tflite::BuiltinDataAllocator*, void**)
 .text._ZN6tflite12ParseGreaterEPKNS_8OperatorEPNS_13ErrorReporterEPNS_20BuiltinDataAllocatorEPPv
                0x0000000010007fbc        0x4 CMakeFiles/pico_inference_app.dir/lib/pico-tflmicro/src/tensorflow/lite/core/api/flatbuffer_conversions.cpp.obj
                0x0000000010007fbc                tflite::ParseGreater(tflite::Operator const*, tflite::ErrorReporter*, tflite::BuiltinDataAllocator*, void**)
 .text._ZN6tflite17ParseGreaterEqualEPKNS_8OperatorEPNS_13ErrorReporterEPNS_20BuiltinDataAllocatorEPPv
                0x0000000010007fc0        0x4 CMakeFiles/pico_inference_app.dir/lib/pico-tflmicro/src/tensorflow/lite/core/api/flatbuffer_conversions.cpp.obj
                0x0000000010007fc0                tflite::ParseGreaterEqual(tflite::Operator const*, tflite::ErrorReporter*, tflite::BuiltinDataAllocator*, void**)
 .text._ZN6tflite14ParseHardSwishEPKNS_8OperatorEPNS_13ErrorReporterEPNS_20BuiltinDataAllocatorEPPv
                0x0000000010007fc4        0x4 CMakeFiles/pico_inference_app.dir/lib/pico-tflmicro/src/tensorflow/lite/core/api/flatbuffer_conversions.cpp.obj
                0x0000000010007fc4                tflite::ParseHardSwish(tflite::Operator const*, tflite::ErrorReporter*, tflite::BuiltinDataAllocator*, void**)
 .text._ZN6tflite20ParseL2NormalizationEPKNS_8OperatorEPNS_13ErrorReporterEPNS_20BuiltinDataAllocatorEPPv
                0x0000000010007fc8       0x68 CMakeFiles/pico_inference_app.dir/lib/pico-tflmicro/src/tensorflow/lite/core/api/flatbuffer_conversions.cpp.obj
                0x0000000010007fc8                tflite::ParseL2Normalization(tflite::Operator const*, tflite::ErrorReporter*, tflite::BuiltinDataAllocator*, void**)
 .text._ZN6tflite9ParseLessEPKNS_8OperatorEPNS_13ErrorReporterEPNS_20BuiltinDataAllocatorEPPv
                0x0000000010008030        0x4 CMakeFiles/pico_inference_app.dir/lib/pico-tflmicro/src/tensorflow/lite/core/api/flatbuffer_conversions.cpp.obj
                0x0000000010008030                tflite::ParseLess(tflite::Operator const*, tflite::ErrorReporter*, tflite::BuiltinDataAllocator*, void**)
 .text._ZN6tflite14ParseLessEqualEPKNS_8OperatorEPNS_13ErrorReporterEPNS_20BuiltinDataAllocatorEPPv
                0x0000000010008034        0x4 CMakeFiles/pico_inference_app.dir/lib/pico-tflmicro/src/tensorflow/lite/core/api/flatbuffer_conversions.cpp.obj
                0x0000000010008034                tflite::ParseLessEqual(tflite::Operator const*, tflite::ErrorReporter*, tflite::BuiltinDataAllocator*, void**)
 .text._ZN6tflite8ParseLogEPKNS_8OperatorEPNS_13ErrorReporterEPNS_20BuiltinDataAllocatorEPPv
                0x0000000010008038        0x4 CMakeFiles/pico_inference_app.dir/lib/pico-tflmicro/src/tensorflow/lite/core/api/flatbuffer_conversions.cpp.obj
                0x0000000010008038                tflite::ParseLog(tflite::Operator const*, tflite::ErrorReporter*, tflite::BuiltinDataAllocator*, void**)
 .text._ZN6tflite15ParseLogicalAndEPKNS_8OperatorEPNS_13ErrorReporterEPNS_20BuiltinDataAllocatorEPPv
                0x000000001000803c        0x4 CMakeFiles/pico_inference_app.dir/lib/pico-tflmicro/src/tensorflow/lite/core/api/flatbuffer_conversions.cpp.obj
                0x000000001000803c                tflite::ParseLogicalAnd(tflite::Operator const*, tflite::ErrorReporter*, tflite::BuiltinDataAllocator*, void**)
 .text._ZN6tflite15ParseLogicalNotEPKNS_8OperatorEPNS_13ErrorReporterEPNS_20BuiltinDataAllocatorEPPv
                0x0000000010008040        0x4 CMakeFiles/pico_inference_app.dir/lib/pico-tflmicro/src/tensorflow/lite/core/api/flatbuffer_conversions.cpp.obj
                0x0000000010008040                tflite::ParseLogicalNot(tflite::Operator const*, tflite::ErrorReporter*, tflite::BuiltinDataAllocator*, void**)
 .text._ZN6tflite14ParseLogicalOrEPKNS_8OperatorEPNS_13ErrorReporterEPNS_20BuiltinDataAllocatorEPPv
                0x0000000010008044        0x4 CMakeFiles/pico_inference_app.dir/lib/pico-tflmicro/src/tensorflow/lite/core/api/flatbuffer_conversions.cpp.obj
                0x0000000010008044                tflite::ParseLogicalOr(tflite::Operator const*, tflite::ErrorReporter*, tflite::BuiltinDataAllocator*, void**)
 .text._ZN6tflite13ParseLogisticEPKNS_8OperatorEPNS_13ErrorReporterEPNS_20BuiltinDataAllocatorEPPv
                0x0000000010008048        0x4 CMakeFiles/pico_inference_app.dir/lib/pico-tflmicro/src/tensorflow/lite/core/api/flatbuffer_conversions.cpp.obj
                0x0000000010008048                tflite::ParseLogistic(tflite::Operator const*, tflite::ErrorReporter*, tflite::BuiltinDataAllocator*, void**)
 .text._ZN6tflite12ParseMaximumEPKNS_8OperatorEPNS_13ErrorReporterEPNS_20BuiltinDataAllocatorEPPv
                0x000000001000804c        0x4 CMakeFiles/pico_inference_app.dir/lib/pico-tflmicro/src/tensorflow/lite/core/api/flatbuffer_conversions.cpp.obj
                0x000000001000804c                tflite::ParseMaximum(tflite::Operator const*, tflite::ErrorReporter*, tflite::BuiltinDataAllocator*, void**)
 .text._ZN6tflite12ParseMinimumEPKNS_8OperatorEPNS_13ErrorReporterEPNS_20BuiltinDataAllocatorEPPv
                0x0000000010008050        0x4 CMakeFiles/pico_inference_app.dir/lib/pico-tflmicro/src/tensorflow/lite/core/api/flatbuffer_conversions.cpp.obj
                0x0000000010008050                tflite::ParseMinimum(tflite::Operator const*, tflite::ErrorReporter*, tflite::BuiltinDataAllocator*, void**)
 .text._ZN6tflite8ParseMulEPKNS_8OperatorEPNS_13ErrorReporterEPNS_20BuiltinDataAllocatorEPPv
                0x0000000010008054       0x68 CMakeFiles/pico_inference_app.dir/lib/pico-tflmicro/src/tensorflow/lite/core/api/flatbuffer_conversions.cpp.obj
                0x0000000010008054                tflite::ParseMul(tflite::Operator const*, tflite::ErrorReporter*, tflite::BuiltinDataAllocator*, void**)
 .text._ZN6tflite8ParseNegEPKNS_8OperatorEPNS_13ErrorReporterEPNS_20BuiltinDataAllocatorEPPv
                0x00000000100080bc        0x4 CMakeFiles/pico_inference_app.dir/lib/pico-tflmicro/src/tensorflow/lite/core/api/flatbuffer_conversions.cpp.obj
                0x00000000100080bc                tflite::ParseNeg(tflite::Operator const*, tflite::ErrorReporter*, tflite::BuiltinDataAllocator*, void**)
 .text._ZN6tflite13ParseNotEqualEPKNS_8OperatorEPNS_13ErrorReporterEPNS_20BuiltinDataAllocatorEPPv
                0x00000000100080c0        0x4 CMakeFiles/pico_inference_app.dir/lib/pico-tflmicro/src/tensorflow/lite/core/api/flatbuffer_conversions.cpp.obj
                0x00000000100080c0                tflite::ParseNotEqual(tflite::Operator const*, tflite::ErrorReporter*, tflite::BuiltinDataAllocator*, void**)
 .text._ZN6tflite9ParsePackEPKNS_8OperatorEPNS_13ErrorReporterEPNS_20BuiltinDataAllocatorEPPv
                0x00000000100080c4       0x70 CMakeFiles/pico_inference_app.dir/lib/pico-tflmicro/src/tensorflow/lite/core/api/flatbuffer_conversions.cpp.obj
                0x00000000100080c4                tflite::ParsePack(tflite::Operator const*, tflite::ErrorReporter*, tflite::BuiltinDataAllocator*, void**)
 .text._ZN6tflite8ParsePadEPKNS_8OperatorEPNS_13ErrorReporterEPNS_20BuiltinDataAllocatorEPPv
                0x0000000010008134        0x4 CMakeFiles/pico_inference_app.dir/lib/pico-tflmicro/src/tensorflow/lite/core/api/flatbuffer_conversions.cpp.obj
                0x0000000010008134                tflite::ParsePad(tflite::Operator const*, tflite::ErrorReporter*, tflite::BuiltinDataAllocator*, void**)
 .text._ZN6tflite10ParsePadV2EPKNS_8OperatorEPNS_13ErrorReporterEPNS_20BuiltinDataAllocatorEPPv
                0x0000000010008138        0x4 CMakeFiles/pico_inference_app.dir/lib/pico-tflmicro/src/tensorflow/lite/core/api/flatbuffer_conversions.cpp.obj
                0x0000000010008138                tflite::ParsePadV2(tflite::Operator const*, tflite::ErrorReporter*, tflite::BuiltinDataAllocator*, void**)
 .text._ZN6tflite9ParsePoolEPKNS_8OperatorEPNS_13ErrorReporterEPNS_20BuiltinDataAllocatorEPPv
                0x000000001000813c       0xec CMakeFiles/pico_inference_app.dir/lib/pico-tflmicro/src/tensorflow/lite/core/api/flatbuffer_conversions.cpp.obj
                0x000000001000813c                tflite::ParsePool(tflite::Operator const*, tflite::ErrorReporter*, tflite::BuiltinDataAllocator*, void**)
 .text._ZN6tflite10ParsePreluEPKNS_8OperatorEPNS_13ErrorReporterEPNS_20BuiltinDataAllocatorEPPv
                0x0000000010008228        0x4 CMakeFiles/pico_inference_app.dir/lib/pico-tflmicro/src/tensorflow/lite/core/api/flatbuffer_conversions.cpp.obj
                0x0000000010008228                tflite::ParsePrelu(tflite::Operator const*, tflite::ErrorReporter*, tflite::BuiltinDataAllocator*, void**)
 .text._ZN6tflite13ParseQuantizeEPKNS_8OperatorEPNS_13ErrorReporterEPNS_20BuiltinDataAllocatorEPPv
                0x000000001000822c        0x4 CMakeFiles/pico_inference_app.dir/lib/pico-tflmicro/src/tensorflow/lite/core/api/flatbuffer_conversions.cpp.obj
                0x000000001000822c                tflite::ParseQuantize(tflite::Operator const*, tflite::ErrorReporter*, tflite::BuiltinDataAllocator*, void**)
 .text._ZN6tflite12ParseReducerEPKNS_8OperatorEPNS_13ErrorReporterEPNS_20BuiltinDataAllocatorEPPv
                0x0000000010008230       0x60 CMakeFiles/pico_inference_app.dir/lib/pico-tflmicro/src/tensorflow/lite/core/api/flatbuffer_conversions.cpp.obj
                0x0000000010008230                tflite::ParseReducer(tflite::Operator const*, tflite::ErrorReporter*, tflite::BuiltinDataAllocator*, void**)
 .text._ZN6tflite9ParseReluEPKNS_8OperatorEPNS_13ErrorReporterEPNS_20BuiltinDataAllocatorEPPv
                0x0000000010008290        0x4 CMakeFiles/pico_inference_app.dir/lib/pico-tflmicro/src/tensorflow/lite/core/api/flatbuffer_conversions.cpp.obj
                0x0000000010008290                tflite::ParseRelu(tflite::Operator const*, tflite::ErrorReporter*, tflite::BuiltinDataAllocator*, void**)
 .text._ZN6tflite10ParseRelu6EPKNS_8OperatorEPNS_13ErrorReporterEPNS_20BuiltinDataAllocatorEPPv
                0x0000000010008294        0x4 CMakeFiles/pico_inference_app.dir/lib/pico-tflmicro/src/tensorflow/lite/core/api/flatbuffer_conversions.cpp.obj
                0x0000000010008294                tflite::ParseRelu6(tflite::Operator const*, tflite::ErrorReporter*, tflite::BuiltinDataAllocator*, void**)
 .text._ZN6tflite12ParseReshapeEPKNS_8OperatorEPNS_13ErrorReporterEPNS_20BuiltinDataAllocatorEPPv
                0x0000000010008298       0xd8 CMakeFiles/pico_inference_app.dir/lib/pico-tflmicro/src/tensorflow/lite/core/api/flatbuffer_conversions.cpp.obj
                0x0000000010008298                tflite::ParseReshape(tflite::Operator const*, tflite::ErrorReporter*, tflite::BuiltinDataAllocator*, void**)
 .text._ZN6tflite26ParseResizeNearestNeighborEPKNS_8OperatorEPNS_13ErrorReporterEPNS_20BuiltinDataAllocatorEPPv
                0x0000000010008370       0x7c CMakeFiles/pico_inference_app.dir/lib/pico-tflmicro/src/tensorflow/lite/core/api/flatbuffer_conversions.cpp.obj
                0x0000000010008370                tflite::ParseResizeNearestNeighbor(tflite::Operator const*, tflite::ErrorReporter*, tflite::BuiltinDataAllocator*, void**)
 .text._ZN6tflite10ParseRoundEPKNS_8OperatorEPNS_13ErrorReporterEPNS_20BuiltinDataAllocatorEPPv
                0x00000000100083ec        0x4 CMakeFiles/pico_inference_app.dir/lib/pico-tflmicro/src/tensorflow/lite/core/api/flatbuffer_conversions.cpp.obj
                0x00000000100083ec                tflite::ParseRound(tflite::Operator const*, tflite::ErrorReporter*, tflite::BuiltinDataAllocator*, void**)
 .text._ZN6tflite10ParseRsqrtEPKNS_8OperatorEPNS_13ErrorReporterEPNS_20BuiltinDataAllocatorEPPv
                0x00000000100083f0        0x4 CMakeFiles/pico_inference_app.dir/lib/pico-tflmicro/src/tensorflow/lite/core/api/flatbuffer_conversions.cpp.obj
                0x00000000100083f0                tflite::ParseRsqrt(tflite::Operator const*, tflite::ErrorReporter*, tflite::BuiltinDataAllocator*, void**)
 .text._ZN6tflite10ParseShapeEPKNS_8OperatorEPNS_13ErrorReporterEPNS_20BuiltinDataAllocatorEPPv
                0x00000000100083f4       0xe0 CMakeFiles/pico_inference_app.dir/lib/pico-tflmicro/src/tensorflow/lite/core/api/flatbuffer_conversions.cpp.obj
                0x00000000100083f4                tflite::ParseShape(tflite::Operator const*, tflite::ErrorReporter*, tflite::BuiltinDataAllocator*, void**)
 .text._ZN6tflite8ParseSinEPKNS_8OperatorEPNS_13ErrorReporterEPNS_20BuiltinDataAllocatorEPPv
                0x00000000100084d4        0x4 CMakeFiles/pico_inference_app.dir/lib/pico-tflmicro/src/tensorflow/lite/core/api/flatbuffer_conversions.cpp.obj
                0x00000000100084d4                tflite::ParseSin(tflite::Operator const*, tflite::ErrorReporter*, tflite::BuiltinDataAllocator*, void**)
 .text._ZN6tflite12ParseSoftmaxEPKNS_8OperatorEPNS_13ErrorReporterEPNS_20BuiltinDataAllocatorEPPv
                0x00000000100084d8       0x5c CMakeFiles/pico_inference_app.dir/lib/pico-tflmicro/src/tensorflow/lite/core/api/flatbuffer_conversions.cpp.obj
                0x00000000100084d8                tflite::ParseSoftmax(tflite::Operator const*, tflite::ErrorReporter*, tflite::BuiltinDataAllocator*, void**)
 .text._ZN6tflite10ParseSplitEPKNS_8OperatorEPNS_13ErrorReporterEPNS_20BuiltinDataAllocatorEPPv
                0x0000000010008534       0x5c CMakeFiles/pico_inference_app.dir/lib/pico-tflmicro/src/tensorflow/lite/core/api/flatbuffer_conversions.cpp.obj
                0x0000000010008534                tflite::ParseSplit(tflite::Operator const*, tflite::ErrorReporter*, tflite::BuiltinDataAllocator*, void**)
 .text._ZN6tflite11ParseSplitVEPKNS_8OperatorEPNS_13ErrorReporterEPNS_20BuiltinDataAllocatorEPPv
                0x0000000010008590       0x5c CMakeFiles/pico_inference_app.dir/lib/pico-tflmicro/src/tensorflow/lite/core/api/flatbuffer_conversions.cpp.obj
                0x0000000010008590                tflite::ParseSplitV(tflite::Operator const*, tflite::ErrorReporter*, tflite::BuiltinDataAllocator*, void**)
 .text._ZN6tflite9ParseSqrtEPKNS_8OperatorEPNS_13ErrorReporterEPNS_20BuiltinDataAllocatorEPPv
                0x00000000100085ec        0x4 CMakeFiles/pico_inference_app.dir/lib/pico-tflmicro/src/tensorflow/lite/core/api/flatbuffer_conversions.cpp.obj
                0x00000000100085ec                tflite::ParseSqrt(tflite::Operator const*, tflite::ErrorReporter*, tflite::BuiltinDataAllocator*, void**)
 .text._ZN6tflite11ParseSquareEPKNS_8OperatorEPNS_13ErrorReporterEPNS_20BuiltinDataAllocatorEPPv
                0x00000000100085f0        0x4 CMakeFiles/pico_inference_app.dir/lib/pico-tflmicro/src/tensorflow/lite/core/api/flatbuffer_conversions.cpp.obj
                0x00000000100085f0                tflite::ParseSquare(tflite::Operator const*, tflite::ErrorReporter*, tflite::BuiltinDataAllocator*, void**)
 .text._ZN6tflite17ParseStridedSliceEPKNS_8OperatorEPNS_13ErrorReporterEPNS_20BuiltinDataAllocatorEPPv
                0x00000000100085f4       0xbc CMakeFiles/pico_inference_app.dir/lib/pico-tflmicro/src/tensorflow/lite/core/api/flatbuffer_conversions.cpp.obj
                0x00000000100085f4                tflite::ParseStridedSlice(tflite::Operator const*, tflite::ErrorReporter*, tflite::BuiltinDataAllocator*, void**)
 .text._ZN6tflite8ParseSubEPKNS_8OperatorEPNS_13ErrorReporterEPNS_20BuiltinDataAllocatorEPPv
                0x00000000100086b0       0xa0 CMakeFiles/pico_inference_app.dir/lib/pico-tflmicro/src/tensorflow/lite/core/api/flatbuffer_conversions.cpp.obj
                0x00000000100086b0                tflite::ParseSub(tflite::Operator const*, tflite::ErrorReporter*, tflite::BuiltinDataAllocator*, void**)
 .text._ZN6tflite9ParseSvdfEPKNS_8OperatorEPNS_13ErrorReporterEPNS_20BuiltinDataAllocatorEPPv
                0x0000000010008750       0xb4 CMakeFiles/pico_inference_app.dir/lib/pico-tflmicro/src/tensorflow/lite/core/api/flatbuffer_conversions.cpp.obj
                0x0000000010008750                tflite::ParseSvdf(tflite::Operator const*, tflite::ErrorReporter*, tflite::BuiltinDataAllocator*, void**)
 .text._ZN6tflite9ParseTanhEPKNS_8OperatorEPNS_13ErrorReporterEPNS_20BuiltinDataAllocatorEPPv
                0x0000000010008804        0x4 CMakeFiles/pico_inference_app.dir/lib/pico-tflmicro/src/tensorflow/lite/core/api/flatbuffer_conversions.cpp.obj
                0x0000000010008804                tflite::ParseTanh(tflite::Operator const*, tflite::ErrorReporter*, tflite::BuiltinDataAllocator*, void**)
 .text._ZN6tflite11ParseUnpackEPKNS_8OperatorEPNS_13ErrorReporterEPNS_20BuiltinDataAllocatorEPPv
                0x0000000010008808       0x70 CMakeFiles/pico_inference_app.dir/lib/pico-tflmicro/src/tensorflow/lite/core/api/flatbuffer_conversions.cpp.obj
                0x0000000010008808                tflite::ParseUnpack(tflite::Operator const*, tflite::ErrorReporter*, tflite::BuiltinDataAllocator*, void**)
 .text._ZN6tflite25GetRegistrationFromOpCodeEPKNS_12OperatorCodeERKNS_10OpResolverEPNS_13ErrorReporterEPPK18TfLiteRegistration
                0x0000000010008878       0xc4 CMakeFiles/pico_inference_app.dir/lib/pico-tflmicro/src/tensorflow/lite/core/api/op_resolver.cpp.obj
                0x0000000010008878                tflite::GetRegistrationFromOpCode(tflite::OperatorCode const*, tflite::OpResolver const&, tflite::ErrorReporter*, TfLiteRegistration const**)
 .text._ZN6tflite18QuantizeMultiplierEdPlPi
                0x000000001000893c       0x78 CMakeFiles/pico_inference_app.dir/lib/pico-tflmicro/src/tensorflow/lite/kernels/internal/quantization_util.cpp.obj
                0x000000001000893c                tflite::QuantizeMultiplier(double, long*, int*)
 .text._ZN6tflite35QuantizeMultiplierSmallerThanOneExpEdPlPi
                0x00000000100089b4       0x90 CMakeFiles/pico_inference_app.dir/lib/pico-tflmicro/src/tensorflow/lite/kernels/internal/quantization_util.cpp.obj
                0x00000000100089b4                tflite::QuantizeMultiplierSmallerThanOneExp(double, long*, int*)
 .text._ZN6tflite24PreprocessSoftmaxScalingEddiPlPi
                0x0000000010008a44       0xf8 CMakeFiles/pico_inference_app.dir/lib/pico-tflmicro/src/tensorflow/lite/kernels/internal/quantization_util.cpp.obj
                0x0000000010008a44                tflite::PreprocessSoftmaxScaling(double, double, int, long*, int*)
 .text._ZN6tflite20CalculateInputRadiusEiii
                0x0000000010008b3c       0x90 CMakeFiles/pico_inference_app.dir/lib/pico-tflmicro/src/tensorflow/lite/kernels/internal/quantization_util.cpp.obj
                0x0000000010008b3c                tflite::CalculateInputRadius(int, int, int)
 .text._ZN6tflite8GetInputEPK13TfLiteContextPK10TfLiteNodei
                0x0000000010008bcc       0x2c CMakeFiles/pico_inference_app.dir/lib/pico-tflmicro/src/tensorflow/lite/kernels/kernel_util.cpp.obj
                0x0000000010008bcc                tflite::GetInput(TfLiteContext const*, TfLiteNode const*, int)
 .text._ZN6tflite9GetOutputEP13TfLiteContextPK10TfLiteNodei
                0x0000000010008bf8       0x2c CMakeFiles/pico_inference_app.dir/lib/pico-tflmicro/src/tensorflow/lite/kernels/kernel_util.cpp.obj
                0x0000000010008bf8                tflite::GetOutput(TfLiteContext*, TfLiteNode const*, int)
 .text._ZN6tflite22GetOptionalInputTensorEPK13TfLiteContextPK10TfLiteNodei
                0x0000000010008c24       0x2c CMakeFiles/pico_inference_app.dir/lib/pico-tflmicro/src/tensorflow/lite/kernels/kernel_util.cpp.obj
                0x0000000010008c24                tflite::GetOptionalInputTensor(TfLiteContext const*, TfLiteNode const*, int)
 .text._ZN6tflite32GetQuantizedConvolutionMultiplerEP13TfLiteContextPK12TfLiteTensorS4_S4_PS2_Pd
                0x0000000010008c50       0xf0 CMakeFiles/pico_inference_app.dir/lib/pico-tflmicro/src/tensorflow/lite/kernels/kernel_util.cpp.obj
                0x0000000010008c50                tflite::GetQuantizedConvolutionMultipler(TfLiteContext*, TfLiteTensor const*, TfLiteTensor const*, TfLiteTensor const*, TfLiteTensor*, double*)
 .text._ZN6tflite33CalculateActivationRangeQuantizedEP13TfLiteContext21TfLiteFusedActivationP12TfLiteTensorPlS5_
                0x0000000010008d40      0x10c CMakeFiles/pico_inference_app.dir/lib/pico-tflmicro/src/tensorflow/lite/kernels/kernel_util.cpp.obj
                0x0000000010008d40                tflite::CalculateActivationRangeQuantized(TfLiteContext*, TfLiteFusedActivation, TfLiteTensor*, long*, long*)
 .text._ZN6tflite37PopulateConvolutionQuantizationParamsEP13TfLiteContextPK12TfLiteTensorS4_S4_PS2_RK21TfLiteFusedActivationPlPiS9_S9_S9_SA_i
                0x0000000010008e4c      0x364 CMakeFiles/pico_inference_app.dir/lib/pico-tflmicro/src/tensorflow/lite/kernels/kernel_util.cpp.obj
                0x0000000010008e4c                tflite::PopulateConvolutionQuantizationParams(TfLiteContext*, TfLiteTensor const*, TfLiteTensor const*, TfLiteTensor const*, TfLiteTensor*, TfLiteFusedActivation const&, long*, int*, long*, long*, long*, int*, int)
 .text._ZN6tflite14HaveSameShapesEPK12TfLiteTensorS2_
                0x00000000100091b0       0x14 CMakeFiles/pico_inference_app.dir/lib/pico-tflmicro/src/tensorflow/lite/kernels/kernel_util.cpp.obj
                0x00000000100091b0                tflite::HaveSameShapes(TfLiteTensor const*, TfLiteTensor const*)
 .text._ZNK6tflite10OpResolver12GetDelegatesEi
                0x00000000100091c4        0xc CMakeFiles/pico_inference_app.dir/lib/pico-tflmicro/src/tensorflow/lite/micro/all_ops_resolver.cpp.obj
                0x00000000100091c4                tflite::OpResolver::GetDelegates(int) const